Archive member included to satisfy reference by file (symbol)

D:/STM32CubeCLT_1.17.0/GNU-tools-for-STM32/bin/../lib/gcc/arm-none-eabi/12.3.1/thumb/v7e-m/nofp\libgcc.a(_arm_mulsf3.o)
                              CMakeFiles/F4_Clion.elf.dir/Lib/jy901.c.obj (__aeabi_fmul)
D:/STM32CubeCLT_1.17.0/GNU-tools-for-STM32/bin/../lib/gcc/arm-none-eabi/12.3.1/thumb/v7e-m/nofp\libgcc.a(_arm_addsubdf3.o)
                              CMakeFiles/F4_Clion.elf.dir/Core/Src/main.c.obj (__aeabi_f2d)
D:/STM32CubeCLT_1.17.0/GNU-tools-for-STM32/bin/../lib/gcc/arm-none-eabi/12.3.1/thumb/v7e-m/nofp\libgcc.a(_arm_addsubsf3.o)
                              CMakeFiles/F4_Clion.elf.dir/Core/Src/main.c.obj (__aeabi_i2f)
D:/STM32CubeCLT_1.17.0/GNU-tools-for-STM32/bin/../lib/gcc/arm-none-eabi/12.3.1/thumb/v7e-m/nofp\libgcc.a(_aeabi_uldivmod.o)
                              CMakeFiles/F4_Clion.elf.dir/Drivers/STM32F4xx_HAL_Driver/Src/stm32f4xx_hal_rcc.c.obj (__aeabi_uldivmod)
D:/STM32CubeCLT_1.17.0/GNU-tools-for-STM32/bin/../lib/gcc/arm-none-eabi/12.3.1/thumb/v7e-m/nofp\libgcc.a(_udivmoddi4.o)
                              D:/STM32CubeCLT_1.17.0/GNU-tools-for-STM32/bin/../lib/gcc/arm-none-eabi/12.3.1/thumb/v7e-m/nofp\libgcc.a(_aeabi_uldivmod.o) (__udivmoddi4)
D:/STM32CubeCLT_1.17.0/GNU-tools-for-STM32/bin/../lib/gcc/arm-none-eabi/12.3.1/thumb/v7e-m/nofp\libgcc.a(_dvmd_tls.o)
                              D:/STM32CubeCLT_1.17.0/GNU-tools-for-STM32/bin/../lib/gcc/arm-none-eabi/12.3.1/thumb/v7e-m/nofp\libgcc.a(_aeabi_uldivmod.o) (__aeabi_ldiv0)
D:/STM32CubeCLT_1.17.0/GNU-tools-for-STM32/bin/../lib/gcc/arm-none-eabi/12.3.1/../../../../arm-none-eabi/lib/thumb/v7e-m/nofp\libc.a(libc_a-exit.o)
                              D:/STM32CubeCLT_1.17.0/GNU-tools-for-STM32/bin/../lib/gcc/arm-none-eabi/12.3.1/../../../../arm-none-eabi/lib/thumb/v7e-m/nofp/crt0.o (exit)
D:/STM32CubeCLT_1.17.0/GNU-tools-for-STM32/bin/../lib/gcc/arm-none-eabi/12.3.1/../../../../arm-none-eabi/lib/thumb/v7e-m/nofp\libc.a(libc_a-findfp.o)
                              D:/STM32CubeCLT_1.17.0/GNU-tools-for-STM32/bin/../lib/gcc/arm-none-eabi/12.3.1/../../../../arm-none-eabi/lib/thumb/v7e-m/nofp\libc.a(libc_a-exit.o) (__stdio_exit_handler)
D:/STM32CubeCLT_1.17.0/GNU-tools-for-STM32/bin/../lib/gcc/arm-none-eabi/12.3.1/../../../../arm-none-eabi/lib/thumb/v7e-m/nofp\libc.a(libc_a-fwalk.o)
                              D:/STM32CubeCLT_1.17.0/GNU-tools-for-STM32/bin/../lib/gcc/arm-none-eabi/12.3.1/../../../../arm-none-eabi/lib/thumb/v7e-m/nofp\libc.a(libc_a-findfp.o) (_fwalk_sglue)
D:/STM32CubeCLT_1.17.0/GNU-tools-for-STM32/bin/../lib/gcc/arm-none-eabi/12.3.1/../../../../arm-none-eabi/lib/thumb/v7e-m/nofp\libc.a(libc_a-snprintf.o)
                              CMakeFiles/F4_Clion.elf.dir/Lib/st7735.c.obj (snprintf)
D:/STM32CubeCLT_1.17.0/GNU-tools-for-STM32/bin/../lib/gcc/arm-none-eabi/12.3.1/../../../../arm-none-eabi/lib/thumb/v7e-m/nofp\libc.a(libc_a-sprintf.o)
                              CMakeFiles/F4_Clion.elf.dir/Core/Src/main.c.obj (sprintf)
D:/STM32CubeCLT_1.17.0/GNU-tools-for-STM32/bin/../lib/gcc/arm-none-eabi/12.3.1/../../../../arm-none-eabi/lib/thumb/v7e-m/nofp\libc.a(libc_a-stdio.o)
                              D:/STM32CubeCLT_1.17.0/GNU-tools-for-STM32/bin/../lib/gcc/arm-none-eabi/12.3.1/../../../../arm-none-eabi/lib/thumb/v7e-m/nofp\libc.a(libc_a-findfp.o) (__sread)
D:/STM32CubeCLT_1.17.0/GNU-tools-for-STM32/bin/../lib/gcc/arm-none-eabi/12.3.1/../../../../arm-none-eabi/lib/thumb/v7e-m/nofp\libc.a(libc_a-memset.o)
                              D:/STM32CubeCLT_1.17.0/GNU-tools-for-STM32/bin/../lib/gcc/arm-none-eabi/12.3.1/../../../../arm-none-eabi/lib/thumb/v7e-m/nofp/crt0.o (memset)
D:/STM32CubeCLT_1.17.0/GNU-tools-for-STM32/bin/../lib/gcc/arm-none-eabi/12.3.1/../../../../arm-none-eabi/lib/thumb/v7e-m/nofp\libc.a(libc_a-closer.o)
                              D:/STM32CubeCLT_1.17.0/GNU-tools-for-STM32/bin/../lib/gcc/arm-none-eabi/12.3.1/../../../../arm-none-eabi/lib/thumb/v7e-m/nofp\libc.a(libc_a-stdio.o) (_close_r)
D:/STM32CubeCLT_1.17.0/GNU-tools-for-STM32/bin/../lib/gcc/arm-none-eabi/12.3.1/../../../../arm-none-eabi/lib/thumb/v7e-m/nofp\libc.a(libc_a-reent.o)
                              D:/STM32CubeCLT_1.17.0/GNU-tools-for-STM32/bin/../lib/gcc/arm-none-eabi/12.3.1/../../../../arm-none-eabi/lib/thumb/v7e-m/nofp\libc.a(libc_a-closer.o) (errno)
D:/STM32CubeCLT_1.17.0/GNU-tools-for-STM32/bin/../lib/gcc/arm-none-eabi/12.3.1/../../../../arm-none-eabi/lib/thumb/v7e-m/nofp\libc.a(libc_a-impure.o)
                              D:/STM32CubeCLT_1.17.0/GNU-tools-for-STM32/bin/../lib/gcc/arm-none-eabi/12.3.1/../../../../arm-none-eabi/lib/thumb/v7e-m/nofp\libc.a(libc_a-snprintf.o) (_impure_ptr)
D:/STM32CubeCLT_1.17.0/GNU-tools-for-STM32/bin/../lib/gcc/arm-none-eabi/12.3.1/../../../../arm-none-eabi/lib/thumb/v7e-m/nofp\libc.a(libc_a-lseekr.o)
[...]
Memory Configuration

Name             Origin             Length             Attributes
CCMRAM           0x10000000         0x00010000         xrw
RAM              0x20000000         0x00020000         xrw
FLASH            0x08000000         0x00080000         xr
*default*        0x00000000         0xffffffff

Linker script and memory map

LOAD D:/STM32CubeCLT_1.17.0/GNU-tools-for-STM32/bin/../lib/gcc/arm-none-eabi/12.3.1/thumb/v7e-m/nofp/crti.o
LOAD D:/STM32CubeCLT_1.17.0/GNU-tools-for-STM32/bin/../lib/gcc/arm-none-eabi/12.3.1/thumb/v7e-m/nofp/crtbegin.o
LOAD D:/STM32CubeCLT_1.17.0/GNU-tools-for-STM32/bin/../lib/gcc/arm-none-eabi/12.3.1/../../../../arm-none-eabi/lib/thumb/v7e-m/nofp/crt0.o
LOAD CMakeFiles/F4_Clion.elf.dir/Core/Src/dma.c.obj
LOAD CMakeFiles/F4_Clion.elf.dir/Core/Src/gpio.c.obj
LOAD CMakeFiles/F4_Clion.elf.dir/Core/Src/main.c.obj
LOAD CMakeFiles/F4_Clion.elf.dir/Core/Src/spi.c.obj
LOAD CMakeFiles/F4_Clion.elf.dir/Core/Src/stm32f4xx_hal_msp.c.obj
LOAD CMakeFiles/F4_Clion.elf.dir/Core/Src/stm32f4xx_it.c.obj
LOAD CMakeFiles/F4_Clion.elf.dir/Core/Src/syscalls.c.obj
LOAD CMakeFiles/F4_Clion.elf.dir/Core/Src/sysmem.c.obj
LOAD CMakeFiles/F4_Clion.elf.dir/Core/Src/system_stm32f4xx.c.obj
LOAD CMakeFiles/F4_Clion.elf.dir/Core/Src/tim.c.obj
LOAD CMakeFiles/F4_Clion.elf.dir/Core/Src/usart.c.obj
LOAD CMakeFiles/F4_Clion.elf.dir/Core/Startup/startup_stm32f407vetx.s.obj
LOAD CMakeFiles/F4_Clion.elf.dir/Drivers/STM32F4xx_HAL_Driver/Src/stm32f4xx_hal.c.obj
LOAD CMakeFiles/F4_Clion.elf.dir/Drivers/STM32F4xx_HAL_Driver/Src/stm32f4xx_hal_cortex.c.obj
LOAD CMakeFiles/F4_Clion.elf.dir/Drivers/STM32F4xx_HAL_Driver/Src/stm32f4xx_hal_dma.c.obj
LOAD CMakeFiles/F4_Clion.elf.dir/Drivers/STM32F4xx_HAL_Driver/Src/stm32f4xx_hal_dma_ex.c.obj
LOAD CMakeFiles/F4_Clion.elf.dir/Drivers/STM32F4xx_HAL_Driver/Src/stm32f4xx_hal_exti.c.obj
LOAD CMakeFiles/F4_Clion.elf.dir/Drivers/STM32F4xx_HAL_Driver/Src/stm32f4xx_hal_flash.c.obj
LOAD CMakeFiles/F4_Clion.elf.dir/Drivers/STM32F4xx_HAL_Driver/Src/stm32f4xx_hal_flash_ex.c.obj
LOAD CMakeFiles/F4_Clion.elf.dir/Drivers/STM32F4xx_HAL_Driver/Src/stm32f4xx_hal_flash_ramfunc.c.obj
LOAD CMakeFiles/F4_Clion.elf.dir/Drivers/STM32F4xx_HAL_Driver/Src/stm32f4xx_hal_gpio.c.obj
LOAD CMakeFiles/F4_Clion.elf.dir/Drivers/STM32F4xx_HAL_Driver/Src/stm32f4xx_hal_pwr.c.obj
LOAD CMakeFiles/F4_Clion.elf.dir/Drivers/STM32F4xx_HAL_Driver/Src/stm32f4xx_hal_pwr_ex.c.obj
LOAD CMakeFiles/F4_Clion.elf.dir/Drivers/STM32F4xx_HAL_Driver/Src/stm32f4xx_hal_rcc.c.obj
LOAD CMakeFiles/F4_Clion.elf.dir/Drivers/STM32F4xx_HAL_Driver/Src/stm32f4xx_hal_rcc_ex.c.obj
LOAD CMakeFiles/F4_Clion.elf.dir/Drivers/STM32F4xx_HAL_Driver/Src/stm32f4xx_hal_spi.c.obj
LOAD CMakeFiles/F4_Clion.elf.dir/Drivers/STM32F4xx_HAL_Driver/Src/stm32f4xx_hal_tim.c.obj
LOAD CMakeFiles/F4_Clion.elf.dir/Drivers/STM32F4xx_HAL_Driver/Src/stm32f4xx_hal_tim_ex.c.obj
LOAD CMakeFiles/F4_Clion.elf.dir/Drivers/STM32F4xx_HAL_Driver/Src/stm32f4xx_hal_uart.c.obj
LOAD CMakeFiles/F4_Clion.elf.dir/Lib/fonts.c.obj
LOAD CMakeFiles/F4_Clion.elf.dir/Lib/jy901.c.obj
LOAD CMakeFiles/F4_Clion.elf.dir/Lib/st7735.c.obj
START GROUP
LOAD D:/STM32CubeCLT_1.17.0/GNU-tools-for-STM32/bin/../lib/gcc/arm-none-eabi/12.3.1/thumb/v7e-m/nofp\libgcc.a
LOAD D:/STM32CubeCLT_1.17.0/GNU-tools-for-STM32/bin/../lib/gcc/arm-none-eabi/12.3.1/../../../../arm-none-eabi/lib/thumb/v7e-m/nofp\libc.a
END GROUP
LOAD D:/STM32CubeCLT_1.17.0/GNU-tools-for-STM32/bin/../lib/gcc/arm-none-eabi/12.3.1/thumb/v7e-m/nofp/crtend.o
LOAD D:/STM32CubeCLT_1.17.0/GNU-tools-for-STM32/bin/../lib/gcc/arm-none-eabi/12.3.1/thumb/v7e-m/nofp/crtn.o
                0x20020000                        _estack = (ORIGIN (RAM) + LENGTH (RAM))
                0x00000200                        _Min_Heap_Size = 0x200
                0x00000400                        _Min_Stack_Size = 0x400

.isr_vector     0x08000000      0x188
                0x08000000                        . = ALIGN (0x4)
 *(.isr_vector)
 .isr_vector    0x08000000      0x188 CMakeFiles/F4_Clion.elf.dir/Core/Startup/startup_stm32f407vetx.s.obj
                0x08000000                g_pfnVectors
                0x08000188                        . = ALIGN (0x4)

.text           0x08000190     0x920c
                0x08000190                        . = ALIGN (0x4)
 *(.text)
 .text          0x08000190       0x40 D:/STM32CubeCLT_1.17.0/GNU-tools-for-STM32/bin/../lib/gcc/arm-none-eabi/12.3.1/thumb/v7e-m/nofp/crtbegin.o
 .text          0x080001d0      0x168 D:/STM32CubeCLT_1.17.0/GNU-tools-for-STM32/bin/../lib/gcc/arm-none-eabi/12.3.1/thumb/v7e-m/nofp\libgcc.a(_arm_mulsf3.o)
                0x080001d0                __aeabi_fmul
                0x080001d0                __mulsf3
 .text          0x08000338      0x378 D:/STM32CubeCLT_1.17.0/GNU-tools-for-STM32/bin/../lib/gcc/arm-none-eabi/12.3.1/thumb/v7e-m/nofp\libgcc.a(_arm_addsubdf3.o)
                0x08000338                __aeabi_drsub
                0x08000340                __aeabi_dsub
                0x08000340                __subdf3
                0x08000344                __aeabi_dadd
                0x08000344                __adddf3
                0x080005bc                __floatunsidf
                0x080005bc                __aeabi_ui2d
                0x080005dc                __floatsidf
                0x080005dc                __aeabi_i2d
                0x08000600                __aeabi_f2d
                0x08000600                __extendsfdf2
                0x08000644                __floatundidf
                0x08000644                __aeabi_ul2d
                0x08000654                __floatdidf
                0x08000654                __aeabi_l2d
 .text          0x080006b0      0x21c D:/STM32CubeCLT_1.17.0/GNU-tools-for-STM32/bin/../lib/gcc/arm-none-eabi/12.3.1/thumb/v7e-m/nofp\libgcc.a(_arm_addsubsf3.o)
                0x080006b0                __aeabi_frsub
                0x080006b8                __subsf3
                0x080006b8                __aeabi_fsub
                0x080006bc                __aeabi_fadd
                0x080006bc                __addsf3
                0x0800081c                __aeabi_ui2f
                0x0800081c                __floatunsisf
                0x08000824                __aeabi_i2f
                0x08000824                __floatsisf
                0x08000840                __aeabi_ul2f
                0x08000840                __floatundisf
                0x08000850                __aeabi_l2f
                0x08000850                __floatdisf
 .text          0x080008cc       0x30 D:/STM32CubeCLT_1.17.0/GNU-tools-for-STM32/bin/../lib/gcc/arm-none-eabi/12.3.1/thumb/v7e-m/nofp\libgcc.a(_aeabi_uldivmod.o)
                0x080008cc                __aeabi_uldivmod
 .text          0x080008fc      0x2bc D:/STM32CubeCLT_1.17.0/GNU-tools-for-STM32/bin/../lib/gcc/arm-none-eabi/12.3.1/thumb/v7e-m/nofp\libgcc.a(_udivmoddi4.o)
                0x080008fc                __udivmoddi4
 .text          0x08000bb8        0x4 D:/STM32CubeCLT_1.17.0/GNU-tools-for-STM32/bin/../lib/gcc/arm-none-eabi/12.3.1/thumb/v7e-m/nofp\libgcc.a(_dvmd_tls.o)
                0x08000bb8                __aeabi_idiv0
                0x08000bb8                __aeabi_ldiv0
 .text          0x08000bbc       0x10 D:/STM32CubeCLT_1.17.0/GNU-tools-for-STM32/bin/../lib/gcc/arm-none-eabi/12.3.1/../../../../arm-none-eabi/lib/thumb/v7e-m/nofp\libc.a(libc_a-strlen.o)
                0x08000bbc                strlen
 *fill*         0x08000bcc        0x4 
 .text          0x08000bd0       0xa0 D:/STM32CubeCLT_1.17.0/GNU-tools-for-STM32/bin/../lib/gcc/arm-none-eabi/12.3.1/../../../../arm-none-eabi/lib/thumb/v7e-m/nofp\libc.a(libc_a-memchr.o)
                0x08000bd0                memchr
 .text          0x08000c70      0x424 D:/STM32CubeCLT_1.17.0/GNU-tools-for-STM32/bin/../lib/gcc/arm-none-eabi/12.3.1/thumb/v7e-m/nofp\libgcc.a(_arm_muldivdf3.o)
                0x08000c70                __aeabi_dmul
                0x08000c70                __muldf3
                0x08000ec4                __divdf3
                0x08000ec4                __aeabi_ddiv
 .text          0x08001094      0x110 D:/STM32CubeCLT_1.17.0/GNU-tools-for-STM32/bin/../lib/gcc/arm-none-eabi/12.3.1/thumb/v7e-m/nofp\libgcc.a(_arm_cmpdf2.o)
                0x08001094                __gtdf2
                0x08001094                __gedf2
                0x0800109c                __ltdf2
                0x0800109c                __ledf2
                0x080010a4                __nedf2
                0x080010a4                __eqdf2
                0x080010a4                __cmpdf2
                0x08001120                __aeabi_cdrcmple
                0x08001130                __aeabi_cdcmpeq
                0x08001130                __aeabi_cdcmple
                0x08001140                __aeabi_dcmpeq
                0x08001154                __aeabi_dcmplt
                0x08001168                __aeabi_dcmple
                0x0800117c                __aeabi_dcmpge
                0x08001190                __aeabi_dcmpgt
 .text          0x080011a4       0x2c D:/STM32CubeCLT_1.17.0/GNU-tools-for-STM32/bin/../lib/gcc/arm-none-eabi/12.3.1/thumb/v7e-m/nofp\libgcc.a(_arm_unorddf2.o)
                0x080011a4                __unorddf2
                0x080011a4                __aeabi_dcmpun
 .text          0x080011d0       0x50 D:/STM32CubeCLT_1.17.0/GNU-tools-for-STM32/bin/../lib/gcc/arm-none-eabi/12.3.1/thumb/v7e-m/nofp\libgcc.a(_arm_fixdfsi.o)
                0x080011d0                __aeabi_d2iz
                0x080011d0                __fixdfsi
 *(.text*)
 .text.MX_DMA_Init
                0x08001220       0x58 CMakeFiles/F4_Clion.elf.dir/Core/Src/dma.c.obj
                0x08001220                MX_DMA_Init
 .text.MX_GPIO_Init
                0x08001278      0x110 CMakeFiles/F4_Clion.elf.dir/Core/Src/gpio.c.obj
                0x08001278                MX_GPIO_Init
 .text.HAL_UARTEx_RxEventCallback
                0x08001388       0x9c CMakeFiles/F4_Clion.elf.dir/Core/Src/main.c.obj
                0x08001388                HAL_UARTEx_RxEventCallback
 .text.HAL_TIM_PeriodElapsedCallback
                0x08001424       0x70 CMakeFiles/F4_Clion.elf.dir/Core/Src/main.c.obj
                0x08001424                HAL_TIM_PeriodElapsedCallback
 .text.HAL_GPIO_EXTI_Callback
                0x08001494       0x4c CMakeFiles/F4_Clion.elf.dir/Core/Src/main.c.obj
                0x08001494                HAL_GPIO_EXTI_Callback
 .text.Error_Handler
                0x080014e0        0x4 CMakeFiles/F4_Clion.elf.dir/Core/Src/main.c.obj
                0x080014e0                Error_Handler
 .text.SystemClock_Config
                0x080014e4       0xa0 CMakeFiles/F4_Clion.elf.dir/Core/Src/main.c.obj
                0x080014e4                SystemClock_Config
 .text.main     0x08001584      0x184 CMakeFiles/F4_Clion.elf.dir/Core/Src/main.c.obj
                0x08001584                main
 .text.MX_SPI1_Init
                0x08001708       0x40 CMakeFiles/F4_Clion.elf.dir/Core/Src/spi.c.obj
                0x08001708                MX_SPI1_Init
 .text.HAL_SPI_MspInit
                0x08001748       0x70 CMakeFiles/F4_Clion.elf.dir/Core/Src/spi.c.obj
                0x08001748                HAL_SPI_MspInit
 .text.HAL_MspInit
                0x080017b8       0x38 CMakeFiles/F4_Clion.elf.dir/Core/Src/stm32f4xx_hal_msp.c.obj
                0x080017b8                HAL_MspInit
 .text.NMI_Handler
                0x080017f0        0x2 CMakeFiles/F4_Clion.elf.dir/Core/Src/stm32f4xx_it.c.obj
                0x080017f0                NMI_Handler
 .text.HardFault_Handler
                0x080017f2        0x2 CMakeFiles/F4_Clion.elf.dir/Core/Src/stm32f4xx_it.c.obj
                0x080017f2                HardFault_Handler
 .text.MemManage_Handler
                0x080017f4        0x2 CMakeFiles/F4_Clion.elf.dir/Core/Src/stm32f4xx_it.c.obj
                0x080017f4                MemManage_Handler
 .text.BusFault_Handler
                0x080017f6        0x2 CMakeFiles/F4_Clion.elf.dir/Core/Src/stm32f4xx_it.c.obj
                0x080017f6                BusFault_Handler
 .text.UsageFault_Handler
                0x080017f8        0x2 CMakeFiles/F4_Clion.elf.dir/Core/Src/stm32f4xx_it.c.obj
                0x080017f8                UsageFault_Handler
 .text.SVC_Handler
                0x080017fa        0x2 CMakeFiles/F4_Clion.elf.dir/Core/Src/stm32f4xx_it.c.obj
                0x080017fa                SVC_Handler
 .text.DebugMon_Handler
                0x080017fc        0x2 CMakeFiles/F4_Clion.elf.dir/Core/Src/stm32f4xx_it.c.obj
                0x080017fc                DebugMon_Handler
 .text.PendSV_Handler
                0x080017fe        0x2 CMakeFiles/F4_Clion.elf.dir/Core/Src/stm32f4xx_it.c.obj
                0x080017fe                PendSV_Handler
 .text.SysTick_Handler
                0x08001800        0x8 CMakeFiles/F4_Clion.elf.dir/Core/Src/stm32f4xx_it.c.obj
                0x08001800                SysTick_Handler
 .text.EXTI0_IRQHandler
                0x08001808        0xa CMakeFiles/F4_Clion.elf.dir/Core/Src/stm32f4xx_it.c.obj
                0x08001808                EXTI0_IRQHandler
 .text.EXTI1_IRQHandler
                0x08001812        0xa CMakeFiles/F4_Clion.elf.dir/Core/Src/stm32f4xx_it.c.obj
                0x08001812                EXTI1_IRQHandler
 .text.EXTI2_IRQHandler
                0x0800181c        0xa CMakeFiles/F4_Clion.elf.dir/Core/Src/stm32f4xx_it.c.obj
                0x0800181c                EXTI2_IRQHandler
 .text.EXTI3_IRQHandler
                0x08001826        0xa CMakeFiles/F4_Clion.elf.dir/Core/Src/stm32f4xx_it.c.obj
                0x08001826                EXTI3_IRQHandler
 .text.DMA1_Stream5_IRQHandler
                0x08001830       0x10 CMakeFiles/F4_Clion.elf.dir/Core/Src/stm32f4xx_it.c.obj
                0x08001830                DMA1_Stream5_IRQHandler
 .text.USART1_IRQHandler
                0x08001840       0x20 CMakeFiles/F4_Clion.elf.dir/Core/Src/stm32f4xx_it.c.obj
                0x08001840                USART1_IRQHandler
 .text.USART2_IRQHandler
                0x08001860       0x20 CMakeFiles/F4_Clion.elf.dir/Core/Src/stm32f4xx_it.c.obj
                0x08001860                USART2_IRQHandler
 .text.TIM6_DAC_IRQHandler
                0x08001880       0x10 CMakeFiles/F4_Clion.elf.dir/Core/Src/stm32f4xx_it.c.obj
                0x08001880                TIM6_DAC_IRQHandler
 .text.DMA2_Stream2_IRQHandler
                0x08001890       0x10 CMakeFiles/F4_Clion.elf.dir/Core/Src/stm32f4xx_it.c.obj
                0x08001890                DMA2_Stream2_IRQHandler
 .text._getpid  0x080018a0        0x4 CMakeFiles/F4_Clion.elf.dir/Core/Src/syscalls.c.obj
                0x080018a0                _getpid
 .text._kill    0x080018a4       0x10 CMakeFiles/F4_Clion.elf.dir/Core/Src/syscalls.c.obj
                0x080018a4                _kill
 .text._exit    0x080018b4        0xc CMakeFiles/F4_Clion.elf.dir/Core/Src/syscalls.c.obj
                0x080018b4                _exit
 .text._read    0x080018c0       0x20 CMakeFiles/F4_Clion.elf.dir/Core/Src/syscalls.c.obj
                0x080018c0                _read
 .text._write   0x080018e0       0x1c CMakeFiles/F4_Clion.elf.dir/Core/Src/syscalls.c.obj
                0x080018e0                _write
 .text._close   0x080018fc        0x6 CMakeFiles/F4_Clion.elf.dir/Core/Src/syscalls.c.obj
                0x080018fc                _close
 .text._fstat   0x08001902        0xa CMakeFiles/F4_Clion.elf.dir/Core/Src/syscalls.c.obj
                0x08001902                _fstat
 .text._isatty  0x0800190c        0x4 CMakeFiles/F4_Clion.elf.dir/Core/Src/syscalls.c.obj
                0x0800190c                _isatty
 .text._lseek   0x08001910        0x4 CMakeFiles/F4_Clion.elf.dir/Core/Src/syscalls.c.obj
                0x08001910                _lseek
 .text._sbrk    0x08001914       0x48 CMakeFiles/F4_Clion.elf.dir/Core/Src/sysmem.c.obj
                0x08001914                _sbrk
 .text.SystemInit
                0x0800195c        0x2 CMakeFiles/F4_Clion.elf.dir/Core/Src/system_stm32f4xx.c.obj
                0x0800195c                SystemInit
 *fill*         0x0800195e        0x2 
 .text.MX_TIM6_Init
                0x08001960       0x50 CMakeFiles/F4_Clion.elf.dir/Core/Src/tim.c.obj
                0x08001960                MX_TIM6_Init
 .text.HAL_TIM_Base_MspInit
                0x080019b0       0x68 CMakeFiles/F4_Clion.elf.dir/Core/Src/tim.c.obj
                0x080019b0                HAL_TIM_Base_MspInit
 .text.HAL_TIM_MspPostInit
                0x08001a18       0x58 CMakeFiles/F4_Clion.elf.dir/Core/Src/tim.c.obj
                0x08001a18                HAL_TIM_MspPostInit
 .text.MX_TIM9_Init
                0x08001a70       0xb0 CMakeFiles/F4_Clion.elf.dir/Core/Src/tim.c.obj
                0x08001a70                MX_TIM9_Init
 .text.MX_USART1_UART_Init
                0x08001b20       0x34 CMakeFiles/F4_Clion.elf.dir/Core/Src/usart.c.obj
                0x08001b20                MX_USART1_UART_Init
 .text.MX_USART2_UART_Init
                0x08001b54       0x34 CMakeFiles/F4_Clion.elf.dir/Core/Src/usart.c.obj
                0x08001b54                MX_USART2_UART_Init
 .text.HAL_UART_MspInit
                0x08001b88      0x158 CMakeFiles/F4_Clion.elf.dir/Core/Src/usart.c.obj
                0x08001b88                HAL_UART_MspInit
 .text.Reset_Handler
                0x08001ce0       0x50 CMakeFiles/F4_Clion.elf.dir/Core/Startup/startup_stm32f407vetx.s.obj
                0x08001ce0                Reset_Handler
 .text.Default_Handler
                0x08001d30        0x2 CMakeFiles/F4_Clion.elf.dir/Core/Startup/startup_stm32f407vetx.s.obj
                0x08001d30                RTC_Alarm_IRQHandler
                0x08001d30                HASH_RNG_IRQHandler
                0x08001d30                TIM8_CC_IRQHandler
                0x08001d30                TIM1_CC_IRQHandler
                0x08001d30                DMA2_Stream5_IRQHandler
                0x08001d30                PVD_IRQHandler
                0x08001d30                SDIO_IRQHandler
                0x08001d30                TAMP_STAMP_IRQHandler
                0x08001d30                CAN2_RX1_IRQHandler
                0x08001d30                TIM8_TRG_COM_TIM14_IRQHandler
                0x08001d30                TIM1_UP_TIM10_IRQHandler
                0x08001d30                TIM8_UP_TIM13_IRQHandler
                0x08001d30                I2C3_ER_IRQHandler
                0x08001d30                I2C2_EV_IRQHandler
                0x08001d30                DMA1_Stream2_IRQHandler
                0x08001d30                CAN1_RX0_IRQHandler
                0x08001d30                FPU_IRQHandler
                0x08001d30                OTG_HS_WKUP_IRQHandler
                0x08001d30                CAN2_SCE_IRQHandler
                0x08001d30                SPI1_IRQHandler
                0x08001d30                TIM1_BRK_TIM9_IRQHandler
                0x08001d30                DCMI_IRQHandler
                0x08001d30                CAN2_RX0_IRQHandler
                0x08001d30                DMA2_Stream3_IRQHandler
                0x08001d30                USART6_IRQHandler
                0x08001d30                USART3_IRQHandler
                0x08001d30                CAN1_RX1_IRQHandler
                0x08001d30                UART5_IRQHandler
                0x08001d30                DMA2_Stream0_IRQHandler
                0x08001d30                TIM4_IRQHandler
                0x08001d30                I2C1_EV_IRQHandler
                0x08001d30                DMA1_Stream6_IRQHandler
                0x08001d30                DMA1_Stream1_IRQHandler
                0x08001d30                UART4_IRQHandler
                0x08001d30                TIM3_IRQHandler
                0x08001d30                RCC_IRQHandler
                0x08001d30                TIM8_BRK_TIM12_IRQHandler
                0x08001d30                Default_Handler
                0x08001d30                EXTI15_10_IRQHandler
                0x08001d30                ADC_IRQHandler
                0x08001d30                DMA1_Stream7_IRQHandler
                0x08001d30                TIM7_IRQHandler
                0x08001d30                CAN2_TX_IRQHandler
                0x08001d30                TIM5_IRQHandler
                0x08001d30                DMA2_Stream7_IRQHandler
                0x08001d30                I2C3_EV_IRQHandler
                0x08001d30                EXTI9_5_IRQHandler
                0x08001d30                RTC_WKUP_IRQHandler
                0x08001d30                ETH_WKUP_IRQHandler
                0x08001d30                SPI2_IRQHandler
                0x08001d30                OTG_HS_EP1_IN_IRQHandler
                0x08001d30                DMA1_Stream0_IRQHandler
                0x08001d30                CAN1_TX_IRQHandler
                0x08001d30                EXTI4_IRQHandler
                0x08001d30                FSMC_IRQHandler
                0x08001d30                ETH_IRQHandler
                0x08001d30                OTG_HS_EP1_OUT_IRQHandler
                0x08001d30                WWDG_IRQHandler
                0x08001d30                TIM2_IRQHandler
                0x08001d30                OTG_FS_WKUP_IRQHandler
                0x08001d30                TIM1_TRG_COM_TIM11_IRQHandler
                0x08001d30                OTG_HS_IRQHandler
                0x08001d30                I2C2_ER_IRQHandler
                0x08001d30                DMA2_Stream1_IRQHandler
                0x08001d30                CAN1_SCE_IRQHandler
                0x08001d30                FLASH_IRQHandler
                0x08001d30                DMA2_Stream4_IRQHandler
                0x08001d30                OTG_FS_IRQHandler
                0x08001d30                SPI3_IRQHandler
                0x08001d30                DMA1_Stream4_IRQHandler
                0x08001d30                I2C1_ER_IRQHandler
                0x08001d30                DMA2_Stream6_IRQHandler
                0x08001d30                DMA1_Stream3_IRQHandler
 *fill*         0x08001d32        0x2 
 .text.HAL_InitTick
                0x08001d34       0x4c CMakeFiles/F4_Clion.elf.dir/Drivers/STM32F4xx_HAL_Driver/Src/stm32f4xx_hal.c.obj
                0x08001d34                HAL_InitTick
 .text.HAL_Init
                0x08001d80       0x34 CMakeFiles/F4_Clion.elf.dir/Drivers/STM32F4xx_HAL_Driver/Src/stm32f4xx_hal.c.obj
                0x08001d80                HAL_Init
 .text.HAL_IncTick
                0x08001db4       0x18 CMakeFiles/F4_Clion.elf.dir/Drivers/STM32F4xx_HAL_Driver/Src/stm32f4xx_hal.c.obj
                0x08001db4                HAL_IncTick
 .text.HAL_GetTick
                0x08001dcc        0xc CMakeFiles/F4_Clion.elf.dir/Drivers/STM32F4xx_HAL_Driver/Src/stm32f4xx_hal.c.obj
                0x08001dcc                HAL_GetTick
 .text.HAL_Delay
                0x08001dd8       0x28 CMakeFiles/F4_Clion.elf.dir/Drivers/STM32F4xx_HAL_Driver/Src/stm32f4xx_hal.c.obj
                0x08001dd8                HAL_Delay
 .text.__NVIC_EnableIRQ
                0x08001e00       0x1c CMakeFiles/F4_Clion.elf.dir/Drivers/STM32F4xx_HAL_Driver/Src/stm32f4xx_hal_cortex.c.obj
 .text.__NVIC_SetPriority
                0x08001e1c       0x28 CMakeFiles/F4_Clion.elf.dir/Drivers/STM32F4xx_HAL_Driver/Src/stm32f4xx_hal_cortex.c.obj
 .text.NVIC_EncodePriority
                0x08001e44       0x3e CMakeFiles/F4_Clion.elf.dir/Drivers/STM32F4xx_HAL_Driver/Src/stm32f4xx_hal_cortex.c.obj
 *fill*         0x08001e82        0x2 
 .text.HAL_NVIC_SetPriorityGrouping
                0x08001e84       0x24 CMakeFiles/F4_Clion.elf.dir/Drivers/STM32F4xx_HAL_Driver/Src/stm32f4xx_hal_cortex.c.obj
                0x08001e84                HAL_NVIC_SetPriorityGrouping
 .text.HAL_NVIC_SetPriority
                0x08001ea8       0x20 CMakeFiles/F4_Clion.elf.dir/Drivers/STM32F4xx_HAL_Driver/Src/stm32f4xx_hal_cortex.c.obj
                0x08001ea8                HAL_NVIC_SetPriority
 .text.HAL_NVIC_EnableIRQ
                0x08001ec8        0x8 CMakeFiles/F4_Clion.elf.dir/Drivers/STM32F4xx_HAL_Driver/Src/stm32f4xx_hal_cortex.c.obj
                0x08001ec8                HAL_NVIC_EnableIRQ
 .text.HAL_SYSTICK_Config
                0x08001ed0       0x28 CMakeFiles/F4_Clion.elf.dir/Drivers/STM32F4xx_HAL_Driver/Src/stm32f4xx_hal_cortex.c.obj
                0x08001ed0                HAL_SYSTICK_Config
 .text.DMA_SetConfig
                0x08001ef8       0x2c CMakeFiles/F4_Clion.elf.dir/Drivers/STM32F4xx_HAL_Driver/Src/stm32f4xx_hal_dma.c.obj
 .text.DMA_CalcBaseAndBitshift
                0x08001f24       0x40 CMakeFiles/F4_Clion.elf.dir/Drivers/STM32F4xx_HAL_Driver/Src/stm32f4xx_hal_dma.c.obj
 .text.DMA_CheckFifoParam
                0x08001f64       0x8e CMakeFiles/F4_Clion.elf.dir/Drivers/STM32F4xx_HAL_Driver/Src/stm32f4xx_hal_dma.c.obj
 *fill*         0x08001ff2        0x2 
 .text.HAL_DMA_Init
                0x08001ff4       0xcc CMakeFiles/F4_Clion.elf.dir/Drivers/STM32F4xx_HAL_Driver/Src/stm32f4xx_hal_dma.c.obj
                0x08001ff4                HAL_DMA_Init
 .text.HAL_DMA_Start_IT
                0x080020c0       0x6a CMakeFiles/F4_Clion.elf.dir/Drivers/STM32F4xx_HAL_Driver/Src/stm32f4xx_hal_dma.c.obj
                0x080020c0                HAL_DMA_Start_IT
 .text.HAL_DMA_Abort
                0x0800212a       0x94 CMakeFiles/F4_Clion.elf.dir/Drivers/STM32F4xx_HAL_Driver/Src/stm32f4xx_hal_dma.c.obj
                0x0800212a                HAL_DMA_Abort
 .text.HAL_DMA_Abort_IT
                0x080021be       0x26 CMakeFiles/F4_Clion.elf.dir/Drivers/STM32F4xx_HAL_Driver/Src/stm32f4xx_hal_dma.c.obj
                0x080021be                HAL_DMA_Abort_IT
 .text.HAL_DMA_IRQHandler
                0x080021e4      0x1dc CMakeFiles/F4_Clion.elf.dir/Drivers/STM32F4xx_HAL_Driver/Src/stm32f4xx_hal_dma.c.obj
                0x080021e4                HAL_DMA_IRQHandler
 .text.HAL_GPIO_Init
                0x080023c0      0x1f4 CMakeFiles/F4_Clion.elf.dir/Drivers/STM32F4xx_HAL_Driver/Src/stm32f4xx_hal_gpio.c.obj
                0x080023c0                HAL_GPIO_Init
 .text.HAL_GPIO_WritePin
                0x080025b4        0xc CMakeFiles/F4_Clion.elf.dir/Drivers/STM32F4xx_HAL_Driver/Src/stm32f4xx_hal_gpio.c.obj
                0x080025b4                HAL_GPIO_WritePin
 .text.HAL_GPIO_EXTI_IRQHandler
                0x080025c0       0x1c CMakeFiles/F4_Clion.elf.dir/Drivers/STM32F4xx_HAL_Driver/Src/stm32f4xx_hal_gpio.c.obj
                0x080025c0                HAL_GPIO_EXTI_IRQHandler
 .text.HAL_RCC_OscConfig
                0x080025dc      0x3f8 CMakeFiles/F4_Clion.elf.dir/Drivers/STM32F4xx_HAL_Driver/Src/stm32f4xx_hal_rcc.c.obj
                0x080025dc                HAL_RCC_OscConfig
 .text.HAL_RCC_GetSysClockFreq
                0x080029d4       0xa8 CMakeFiles/F4_Clion.elf.dir/Drivers/STM32F4xx_HAL_Driver/Src/stm32f4xx_hal_rcc.c.obj
                0x080029d4                HAL_RCC_GetSysClockFreq
 .text.HAL_RCC_ClockConfig
                0x08002a7c      0x160 CMakeFiles/F4_Clion.elf.dir/Drivers/STM32F4xx_HAL_Driver/Src/stm32f4xx_hal_rcc.c.obj
                0x08002a7c                HAL_RCC_ClockConfig
 .text.HAL_RCC_GetHCLKFreq
                0x08002bdc        0xc CMakeFiles/F4_Clion.elf.dir/Drivers/STM32F4xx_HAL_Driver/Src/stm32f4xx_hal_rcc.c.obj
                0x08002bdc                HAL_RCC_GetHCLKFreq
 .text.HAL_RCC_GetPCLK1Freq
                0x08002be8       0x20 CMakeFiles/F4_Clion.elf.dir/Drivers/STM32F4xx_HAL_Driver/Src/stm32f4xx_hal_rcc.c.obj
                0x08002be8                HAL_RCC_GetPCLK1Freq
 .text.HAL_RCC_GetPCLK2Freq
                0x08002c08       0x20 CMakeFiles/F4_Clion.elf.dir/Drivers/STM32F4xx_HAL_Driver/Src/stm32f4xx_hal_rcc.c.obj
                0x08002c08                HAL_RCC_GetPCLK2Freq
 .text.SPI_WaitFlagStateUntilTimeout
                0x08002c28       0xc8 CMakeFiles/F4_Clion.elf.dir/Drivers/STM32F4xx_HAL_Driver/Src/stm32f4xx_hal_spi.c.obj
 .text.SPI_EndRxTxTransaction
                0x08002cf0       0x80 CMakeFiles/F4_Clion.elf.dir/Drivers/STM32F4xx_HAL_Driver/Src/stm32f4xx_hal_spi.c.obj
 .text.HAL_SPI_Init
                0x08002d70       0xbe CMakeFiles/F4_Clion.elf.dir/Drivers/STM32F4xx_HAL_Driver/Src/stm32f4xx_hal_spi.c.obj
                0x08002d70                HAL_SPI_Init
 .text.HAL_SPI_Transmit
                0x08002e2e      0x1c4 CMakeFiles/F4_Clion.elf.dir/Drivers/STM32F4xx_HAL_Driver/Src/stm32f4xx_hal_spi.c.obj
                0x08002e2e                HAL_SPI_Transmit
 *fill*         0x08002ff2        0x2 
 .text.TIM_OC1_SetConfig
                0x08002ff4       0x70 CMakeFiles/F4_Clion.elf.dir/Drivers/STM32F4xx_HAL_Driver/Src/stm32f4xx_hal_tim.c.obj
 .text.TIM_OC3_SetConfig
                0x08003064       0x70 CMakeFiles/F4_Clion.elf.dir/Drivers/STM32F4xx_HAL_Driver/Src/stm32f4xx_hal_tim.c.obj
 .text.TIM_OC4_SetConfig
                0x080030d4       0x50 CMakeFiles/F4_Clion.elf.dir/Drivers/STM32F4xx_HAL_Driver/Src/stm32f4xx_hal_tim.c.obj
 .text.TIM_TI1_ConfigInputStage
                0x08003124       0x24 CMakeFiles/F4_Clion.elf.dir/Drivers/STM32F4xx_HAL_Driver/Src/stm32f4xx_hal_tim.c.obj
 .text.TIM_TI2_ConfigInputStage
                0x08003148       0x26 CMakeFiles/F4_Clion.elf.dir/Drivers/STM32F4xx_HAL_Driver/Src/stm32f4xx_hal_tim.c.obj
 .text.TIM_ITRx_SetConfig
                0x0800316e       0x10 CMakeFiles/F4_Clion.elf.dir/Drivers/STM32F4xx_HAL_Driver/Src/stm32f4xx_hal_tim.c.obj
 *fill*         0x0800317e        0x2 
 .text.HAL_TIM_Base_Start_IT
                0x08003180       0x88 CMakeFiles/F4_Clion.elf.dir/Drivers/STM32F4xx_HAL_Driver/Src/stm32f4xx_hal_tim.c.obj
                0x08003180                HAL_TIM_Base_Start_IT
 .text.HAL_TIM_PWM_MspInit
                0x08003208        0x2 CMakeFiles/F4_Clion.elf.dir/Drivers/STM32F4xx_HAL_Driver/Src/stm32f4xx_hal_tim.c.obj
                0x08003208                HAL_TIM_PWM_MspInit
 .text.HAL_TIM_OC_DelayElapsedCallback
                0x0800320a        0x2 CMakeFiles/F4_Clion.elf.dir/Drivers/STM32F4xx_HAL_Driver/Src/stm32f4xx_hal_tim.c.obj
                0x0800320a                HAL_TIM_OC_DelayElapsedCallback
 .text.HAL_TIM_IC_CaptureCallback
                0x0800320c        0x2 CMakeFiles/F4_Clion.elf.dir/Drivers/STM32F4xx_HAL_Driver/Src/stm32f4xx_hal_tim.c.obj
                0x0800320c                HAL_TIM_IC_CaptureCallback
 .text.HAL_TIM_PWM_PulseFinishedCallback
                0x0800320e        0x2 CMakeFiles/F4_Clion.elf.dir/Drivers/STM32F4xx_HAL_Driver/Src/stm32f4xx_hal_tim.c.obj
                0x0800320e                HAL_TIM_PWM_PulseFinishedCallback
 .text.HAL_TIM_TriggerCallback
                0x08003210        0x2 CMakeFiles/F4_Clion.elf.dir/Drivers/STM32F4xx_HAL_Driver/Src/stm32f4xx_hal_tim.c.obj
                0x08003210                HAL_TIM_TriggerCallback
 .text.HAL_TIM_IRQHandler
                0x08003212      0x15e CMakeFiles/F4_Clion.elf.dir/Drivers/STM32F4xx_HAL_Driver/Src/stm32f4xx_hal_tim.c.obj
                0x08003212                HAL_TIM_IRQHandler
 .text.TIM_Base_SetConfig
                0x08003370       0xd8 CMakeFiles/F4_Clion.elf.dir/Drivers/STM32F4xx_HAL_Driver/Src/stm32f4xx_hal_tim.c.obj
                0x08003370                TIM_Base_SetConfig
 .text.HAL_TIM_Base_Init
                0x08003448       0x58 CMakeFiles/F4_Clion.elf.dir/Drivers/STM32F4xx_HAL_Driver/Src/stm32f4xx_hal_tim.c.obj
                0x08003448                HAL_TIM_Base_Init
 .text.HAL_TIM_PWM_Init
                0x080034a0       0x58 CMakeFiles/F4_Clion.elf.dir/Drivers/STM32F4xx_HAL_Driver/Src/stm32f4xx_hal_tim.c.obj
                0x080034a0                HAL_TIM_PWM_Init
 .text.TIM_OC2_SetConfig
                0x080034f8       0x70 CMakeFiles/F4_Clion.elf.dir/Drivers/STM32F4xx_HAL_Driver/Src/stm32f4xx_hal_tim.c.obj
                0x080034f8                TIM_OC2_SetConfig
 .text.HAL_TIM_PWM_ConfigChannel
                0x08003568       0xdc CMakeFiles/F4_Clion.elf.dir/Drivers/STM32F4xx_HAL_Driver/Src/stm32f4xx_hal_tim.c.obj
                0x08003568                HAL_TIM_PWM_ConfigChannel
 .text.TIM_ETR_SetConfig
                0x08003644       0x18 CMakeFiles/F4_Clion.elf.dir/Drivers/STM32F4xx_HAL_Driver/Src/stm32f4xx_hal_tim.c.obj
                0x08003644                TIM_ETR_SetConfig
 .text.HAL_TIM_ConfigClockSource
                0x0800365c       0xfe CMakeFiles/F4_Clion.elf.dir/Drivers/STM32F4xx_HAL_Driver/Src/stm32f4xx_hal_tim.c.obj
                0x0800365c                HAL_TIM_ConfigClockSource
 .text.TIM_CCxChannelCmd
                0x0800375a       0x1e CMakeFiles/F4_Clion.elf.dir/Drivers/STM32F4xx_HAL_Driver/Src/stm32f4xx_hal_tim.c.obj
                0x0800375a                TIM_CCxChannelCmd
 .text.HAL_TIM_PWM_Start
                0x08003778      0x104 CMakeFiles/F4_Clion.elf.dir/Drivers/STM32F4xx_HAL_Driver/Src/stm32f4xx_hal_tim.c.obj
                0x08003778                HAL_TIM_PWM_Start
 .text.HAL_TIMEx_MasterConfigSynchronization
                0x0800387c       0x8c CMakeFiles/F4_Clion.elf.dir/Drivers/STM32F4xx_HAL_Driver/Src/stm32f4xx_hal_tim_ex.c.obj
                0x0800387c                HAL_TIMEx_MasterConfigSynchronization
 .text.HAL_TIMEx_CommutCallback
                0x08003908        0x2 CMakeFiles/F4_Clion.elf.dir/Drivers/STM32F4xx_HAL_Driver/Src/stm32f4xx_hal_tim_ex.c.obj
                0x08003908                HAL_TIMEx_CommutCallback
 .text.HAL_TIMEx_BreakCallback
                0x0800390a        0x2 CMakeFiles/F4_Clion.elf.dir/Drivers/STM32F4xx_HAL_Driver/Src/stm32f4xx_hal_tim_ex.c.obj
                0x0800390a                HAL_TIMEx_BreakCallback
 .text.UART_EndTxTransfer
                0x0800390c       0x20 CMakeFiles/F4_Clion.elf.dir/Drivers/STM32F4xx_HAL_Driver/Src/stm32f4xx_hal_uart.c.obj
 .text.UART_EndRxTransfer
                0x0800392c       0x5c CMakeFiles/F4_Clion.elf.dir/Drivers/STM32F4xx_HAL_Driver/Src/stm32f4xx_hal_uart.c.obj
 .text.UART_Transmit_IT
                0x08003988       0x60 CMakeFiles/F4_Clion.elf.dir/Drivers/STM32F4xx_HAL_Driver/Src/stm32f4xx_hal_uart.c.obj
 .text.UART_SetConfig
                0x080039e8      0x110 CMakeFiles/F4_Clion.elf.dir/Drivers/STM32F4xx_HAL_Driver/Src/stm32f4xx_hal_uart.c.obj
 .text.UART_WaitOnFlagUntilTimeout
                0x08003af8       0x86 CMakeFiles/F4_Clion.elf.dir/Drivers/STM32F4xx_HAL_Driver/Src/stm32f4xx_hal_uart.c.obj
 .text.HAL_UART_Init
                0x08003b7e       0x60 CMakeFiles/F4_Clion.elf.dir/Drivers/STM32F4xx_HAL_Driver/Src/stm32f4xx_hal_uart.c.obj
                0x08003b7e                HAL_UART_Init
 .text.HAL_UART_Transmit
                0x08003bde       0xcc CMakeFiles/F4_Clion.elf.dir/Drivers/STM32F4xx_HAL_Driver/Src/stm32f4xx_hal_uart.c.obj
                0x08003bde                HAL_UART_Transmit
 .text.HAL_UART_TxCpltCallback
                0x08003caa        0x2 CMakeFiles/F4_Clion.elf.dir/Drivers/STM32F4xx_HAL_Driver/Src/stm32f4xx_hal_uart.c.obj
                0x08003caa                HAL_UART_TxCpltCallback
 .text.UART_EndTransmit_IT
                0x08003cac       0x1a CMakeFiles/F4_Clion.elf.dir/Drivers/STM32F4xx_HAL_Driver/Src/stm32f4xx_hal_uart.c.obj
 .text.HAL_UART_RxCpltCallback
                0x08003cc6        0x2 CMakeFiles/F4_Clion.elf.dir/Drivers/STM32F4xx_HAL_Driver/Src/stm32f4xx_hal_uart.c.obj
                0x08003cc6                HAL_UART_RxCpltCallback
 .text.HAL_UART_RxHalfCpltCallback
                0x08003cc8        0x2 CMakeFiles/F4_Clion.elf.dir/Drivers/STM32F4xx_HAL_Driver/Src/stm32f4xx_hal_uart.c.obj
                0x08003cc8                HAL_UART_RxHalfCpltCallback
 .text.HAL_UART_ErrorCallback
                0x08003cca        0x2 CMakeFiles/F4_Clion.elf.dir/Drivers/STM32F4xx_HAL_Driver/Src/stm32f4xx_hal_uart.c.obj
                0x08003cca                HAL_UART_ErrorCallback
 .text.UART_DMAError
                0x08003ccc       0x58 CMakeFiles/F4_Clion.elf.dir/Drivers/STM32F4xx_HAL_Driver/Src/stm32f4xx_hal_uart.c.obj
 .text.UART_DMAAbortOnError
                0x08003d24       0x10 CMakeFiles/F4_Clion.elf.dir/Drivers/STM32F4xx_HAL_Driver/Src/stm32f4xx_hal_uart.c.obj
 .text.UART_Receive_IT
                0x08003d34       0xe6 CMakeFiles/F4_Clion.elf.dir/Drivers/STM32F4xx_HAL_Driver/Src/stm32f4xx_hal_uart.c.obj
 *fill*         0x08003e1a        0x2 
 .text.HAL_UART_IRQHandler
                0x08003e1c      0x284 CMakeFiles/F4_Clion.elf.dir/Drivers/STM32F4xx_HAL_Driver/Src/stm32f4xx_hal_uart.c.obj
                0x08003e1c                HAL_UART_IRQHandler
 .text.UART_DMARxHalfCplt
                0x080040a0       0x1e CMakeFiles/F4_Clion.elf.dir/Drivers/STM32F4xx_HAL_Driver/Src/stm32f4xx_hal_uart.c.obj
 .text.UART_DMAReceiveCplt
                0x080040be       0x9a CMakeFiles/F4_Clion.elf.dir/Drivers/STM32F4xx_HAL_Driver/Src/stm32f4xx_hal_uart.c.obj
 .text.UART_Start_Receive_DMA
                0x08004158       0xa4 CMakeFiles/F4_Clion.elf.dir/Drivers/STM32F4xx_HAL_Driver/Src/stm32f4xx_hal_uart.c.obj
                0x08004158                UART_Start_Receive_DMA
 .text.HAL_UARTEx_ReceiveToIdle_DMA
                0x080041fc       0x66 CMakeFiles/F4_Clion.elf.dir/Drivers/STM32F4xx_HAL_Driver/Src/stm32f4xx_hal_uart.c.obj
                0x080041fc                HAL_UARTEx_ReceiveToIdle_DMA
 .text.User_USART_Init
                0x08004262       0x1e CMakeFiles/F4_Clion.elf.dir/Lib/jy901.c.obj
                0x08004262                User_USART_Init
 .text.JY901_Process
                0x08004280      0x124 CMakeFiles/F4_Clion.elf.dir/Lib/jy901.c.obj
                0x08004280                JY901_Process
 .text.ST7735_Reset
                0x080043a4       0x2c CMakeFiles/F4_Clion.elf.dir/Lib/st7735.c.obj
                0x080043a4                ST7735_Reset
 .text.ST7735_WriteCommand
                0x080043d0       0x48 CMakeFiles/F4_Clion.elf.dir/Lib/st7735.c.obj
                0x080043d0                ST7735_WriteCommand
 .text.ST7735_WriteByte
                0x08004418       0x48 CMakeFiles/F4_Clion.elf.dir/Lib/st7735.c.obj
                0x08004418                ST7735_WriteByte
 .text.ST7735_WriteData
                0x08004460       0x44 CMakeFiles/F4_Clion.elf.dir/Lib/st7735.c.obj
                0x08004460                ST7735_WriteData
 .text.ST7735_SetRotation
                0x080044a4       0x28 CMakeFiles/F4_Clion.elf.dir/Lib/st7735.c.obj
                0x080044a4                ST7735_SetRotation
 .text.ST7735_SetAddressWindow
                0x080044cc       0x52 CMakeFiles/F4_Clion.elf.dir/Lib/st7735.c.obj
                0x080044cc                ST7735_SetAddressWindow
 *fill*         0x0800451e        0x2 
 .text.ST7735_DrawRectangle
                0x08004520       0x68 CMakeFiles/F4_Clion.elf.dir/Lib/st7735.c.obj
                0x08004520                ST7735_DrawRectangle
 .text.ST7735_DrawChar
                0x08004588       0xb0 CMakeFiles/F4_Clion.elf.dir/Lib/st7735.c.obj
                0x08004588                ST7735_DrawChar
 .text.ST7735_DrawString
                0x08004638       0x52 CMakeFiles/F4_Clion.elf.dir/Lib/st7735.c.obj
                0x08004638                ST7735_DrawString
 .text.ST7735_FillScreen
                0x0800468a       0x18 CMakeFiles/F4_Clion.elf.dir/Lib/st7735.c.obj
                0x0800468a                ST7735_FillScreen
 .text.ST7735_Init
                0x080046a2      0x21e CMakeFiles/F4_Clion.elf.dir/Lib/st7735.c.obj
                0x080046a2                ST7735_Init
 .text.ST7735_DrawFloat
                0x080048c0       0x4c CMakeFiles/F4_Clion.elf.dir/Lib/st7735.c.obj
                0x080048c0                ST7735_DrawFloat
 .text.std      0x0800490c       0x6c D:/STM32CubeCLT_1.17.0/GNU-tools-for-STM32/bin/../lib/gcc/arm-none-eabi/12.3.1/../../../../arm-none-eabi/lib/thumb/v7e-m/nofp\libc.a(libc_a-findfp.o)
 .text.stdio_exit_handler
                0x08004978       0x18 D:/STM32CubeCLT_1.17.0/GNU-tools-for-STM32/bin/../lib/gcc/arm-none-eabi/12.3.1/../../../../arm-none-eabi/lib/thumb/v7e-m/nofp\libc.a(libc_a-findfp.o)
 .text.cleanup_stdio
                0x08004990       0x40 D:/STM32CubeCLT_1.17.0/GNU-tools-for-STM32/bin/../lib/gcc/arm-none-eabi/12.3.1/../../../../arm-none-eabi/lib/thumb/v7e-m/nofp\libc.a(libc_a-findfp.o)
 .text.global_stdio_init.part.0
                0x080049d0       0x3c D:/STM32CubeCLT_1.17.0/GNU-tools-for-STM32/bin/../lib/gcc/arm-none-eabi/12.3.1/../../../../arm-none-eabi/lib/thumb/v7e-m/nofp\libc.a(libc_a-findfp.o)
 .text.__sfp_lock_acquire
                0x08004a0c        0xc D:/STM32CubeCLT_1.17.0/GNU-tools-for-STM32/bin/../lib/gcc/arm-none-eabi/12.3.1/../../../../arm-none-eabi/lib/thumb/v7e-m/nofp\libc.a(libc_a-findfp.o)
                0x08004a0c                __sfp_lock_acquire
 .text.__sfp_lock_release
                0x08004a18        0xc D:/STM32CubeCLT_1.17.0/GNU-tools-for-STM32/bin/../lib/gcc/arm-none-eabi/12.3.1/../../../../arm-none-eabi/lib/thumb/v7e-m/nofp\libc.a(libc_a-findfp.o)
                0x08004a18                __sfp_lock_release
 .text.__sinit  0x08004a24       0x30 D:/STM32CubeCLT_1.17.0/GNU-tools-for-STM32/bin/../lib/gcc/arm-none-eabi/12.3.1/../../../../arm-none-eabi/lib/thumb/v7e-m/nofp\libc.a(libc_a-findfp.o)
                0x08004a24                __sinit
 .text._fwalk_sglue
                0x08004a54       0x3c D:/STM32CubeCLT_1.17.0/GNU-tools-for-STM32/bin/../lib/gcc/arm-none-eabi/12.3.1/../../../../arm-none-eabi/lib/thumb/v7e-m/nofp\libc.a(libc_a-fwalk.o)
                0x08004a54                _fwalk_sglue
 .text.snprintf
                0x08004a90       0x68 D:/STM32CubeCLT_1.17.0/GNU-tools-for-STM32/bin/../lib/gcc/arm-none-eabi/12.3.1/../../../../arm-none-eabi/lib/thumb/v7e-m/nofp\libc.a(libc_a-snprintf.o)
                0x08004a90                snprintf
 .text.sprintf  0x08004af8       0x40 D:/STM32CubeCLT_1.17.0/GNU-tools-for-STM32/bin/../lib/gcc/arm-none-eabi/12.3.1/../../../../arm-none-eabi/lib/thumb/v7e-m/nofp\libc.a(libc_a-sprintf.o)
                0x08004af8                sprintf
 .text.__sread  0x08004b38       0x22 D:/STM32CubeCLT_1.17.0/GNU-tools-for-STM32/bin/../lib/gcc/arm-none-eabi/12.3.1/../../../../arm-none-eabi/lib/thumb/v7e-m/nofp\libc.a(libc_a-stdio.o)
                0x08004b38                __sread
 .text.__swrite
                0x08004b5a       0x38 D:/STM32CubeCLT_1.17.0/GNU-tools-for-STM32/bin/../lib/gcc/arm-none-eabi/12.3.1/../../../../arm-none-eabi/lib/thumb/v7e-m/nofp\libc.a(libc_a-stdio.o)
                0x08004b5a                __swrite
 .text.__sseek  0x08004b92       0x24 D:/STM32CubeCLT_1.17.0/GNU-tools-for-STM32/bin/../lib/gcc/arm-none-eabi/12.3.1/../../../../arm-none-eabi/lib/thumb/v7e-m/nofp\libc.a(libc_a-stdio.o)
                0x08004b92                __sseek
 .text.__sclose
                0x08004bb6        0x8 D:/STM32CubeCLT_1.17.0/GNU-tools-for-STM32/bin/../lib/gcc/arm-none-eabi/12.3.1/../../../../arm-none-eabi/lib/thumb/v7e-m/nofp\libc.a(libc_a-stdio.o)
                0x08004bb6                __sclose
 .text.memset   0x08004bbe       0x10 D:/STM32CubeCLT_1.17.0/GNU-tools-for-STM32/bin/../lib/gcc/arm-none-eabi/12.3.1/../../../../arm-none-eabi/lib/thumb/v7e-m/nofp\libc.a(libc_a-memset.o)
                0x08004bbe                memset
 *fill*         0x08004bce        0x2 
 .text._close_r
                0x08004bd0       0x20 D:/STM32CubeCLT_1.17.0/GNU-tools-for-STM32/bin/../lib/gcc/arm-none-eabi/12.3.1/../../../../arm-none-eabi/lib/thumb/v7e-m/nofp\libc.a(libc_a-closer.o)
                0x08004bd0                _close_r
 .text._lseek_r
                0x08004bf0       0x24 D:/STM32CubeCLT_1.17.0/GNU-tools-for-STM32/bin/../lib/gcc/arm-none-eabi/12.3.1/../../../../arm-none-eabi/lib/thumb/v7e-m/nofp\libc.a(libc_a-lseekr.o)
                0x08004bf0                _lseek_r
 .text._read_r  0x08004c14       0x24 D:/STM32CubeCLT_1.17.0/GNU-tools-for-STM32/bin/../lib/gcc/arm-none-eabi/12.3.1/../../../../arm-none-eabi/lib/thumb/v7e-m/nofp\libc.a(libc_a-readr.o)
                0x08004c14                _read_r
 .text._write_r
                0x08004c38       0x24 D:/STM32CubeCLT_1.17.0/GNU-tools-for-STM32/bin/../lib/gcc/arm-none-eabi/12.3.1/../../../../arm-none-eabi/lib/thumb/v7e-m/nofp\libc.a(libc_a-writer.o)
                0x08004c38                _write_r
 .text.__errno  0x08004c5c        0xc D:/STM32CubeCLT_1.17.0/GNU-tools-for-STM32/bin/../lib/gcc/arm-none-eabi/12.3.1/../../../../arm-none-eabi/lib/thumb/v7e-m/nofp\libc.a(libc_a-errno.o)
                0x08004c5c                __errno
 .text.__libc_init_array
                0x08004c68       0x48 D:/STM32CubeCLT_1.17.0/GNU-tools-for-STM32/bin/../lib/gcc/arm-none-eabi/12.3.1/../../../../arm-none-eabi/lib/thumb/v7e-m/nofp\libc.a(libc_a-init.o)
                0x08004c68                __libc_init_array
 .text.__retarget_lock_init_recursive
                0x08004cb0        0x2 D:/STM32CubeCLT_1.17.0/GNU-tools-for-STM32/bin/../lib/gcc/arm-none-eabi/12.3.1/../../../../arm-none-eabi/lib/thumb/v7e-m/nofp\libc.a(libc_a-lock.o)
                0x08004cb0                __retarget_lock_init_recursive
 .text.__retarget_lock_close_recursive
                0x08004cb2        0x2 D:/STM32CubeCLT_1.17.0/GNU-tools-for-STM32/bin/../lib/gcc/arm-none-eabi/12.3.1/../../../../arm-none-eabi/lib/thumb/v7e-m/nofp\libc.a(libc_a-lock.o)
                0x08004cb2                __retarget_lock_close_recursive
 .text.__retarget_lock_acquire_recursive
                0x08004cb4        0x2 D:/STM32CubeCLT_1.17.0/GNU-tools-for-STM32/bin/../lib/gcc/arm-none-eabi/12.3.1/../../../../arm-none-eabi/lib/thumb/v7e-m/nofp\libc.a(libc_a-lock.o)
                0x08004cb4                __retarget_lock_acquire_recursive
 .text.__retarget_lock_release_recursive
                0x08004cb6        0x2 D:/STM32CubeCLT_1.17.0/GNU-tools-for-STM32/bin/../lib/gcc/arm-none-eabi/12.3.1/../../../../arm-none-eabi/lib/thumb/v7e-m/nofp\libc.a(libc_a-lock.o)
                0x08004cb6                __retarget_lock_release_recursive
 .text.memcpy   0x08004cb8       0x1c D:/STM32CubeCLT_1.17.0/GNU-tools-for-STM32/bin/../lib/gcc/arm-none-eabi/12.3.1/../../../../arm-none-eabi/lib/thumb/v7e-m/nofp\libc.a(libc_a-memcpy-stub.o)
                0x08004cb8                memcpy
 .text.startup.register_fini
                0x08004cd4       0x14 D:/STM32CubeCLT_1.17.0/GNU-tools-for-STM32/bin/../lib/gcc/arm-none-eabi/12.3.1/../../../../arm-none-eabi/lib/thumb/v7e-m/nofp\libc.a(libc_a-__call_atexit.o)
 .text.atexit   0x08004ce8        0xc D:/STM32CubeCLT_1.17.0/GNU-tools-for-STM32/bin/../lib/gcc/arm-none-eabi/12.3.1/../../../../arm-none-eabi/lib/thumb/v7e-m/nofp\libc.a(libc_a-atexit.o)
                0x08004ce8                atexit
 .text._malloc_trim_r
                0x08004cf4       0xac D:/STM32CubeCLT_1.17.0/GNU-tools-for-STM32/bin/../lib/gcc/arm-none-eabi/12.3.1/../../../../arm-none-eabi/lib/thumb/v7e-m/nofp\libc.a(libc_a-freer.o)
                0x08004cf4                _malloc_trim_r
 .text._free_r  0x08004da0      0x180 D:/STM32CubeCLT_1.17.0/GNU-tools-for-STM32/bin/../lib/gcc/arm-none-eabi/12.3.1/../../../../arm-none-eabi/lib/thumb/v7e-m/nofp\libc.a(libc_a-freer.o)
                0x08004da0                _free_r
 .text._malloc_r
                0x08004f20      0x474 D:/STM32CubeCLT_1.17.0/GNU-tools-for-STM32/bin/../lib/gcc/arm-none-eabi/12.3.1/../../../../arm-none-eabi/lib/thumb/v7e-m/nofp\libc.a(libc_a-mallocr.o)
                0x08004f20                _malloc_r
 .text.__malloc_lock
                0x08005394        0xc D:/STM32CubeCLT_1.17.0/GNU-tools-for-STM32/bin/../lib/gcc/arm-none-eabi/12.3.1/../../../../arm-none-eabi/lib/thumb/v7e-m/nofp\libc.a(libc_a-mlock.o)
                0x08005394                __malloc_lock
 .text.__malloc_unlock
                0x080053a0        0xc D:/STM32CubeCLT_1.17.0/GNU-tools-for-STM32/bin/../lib/gcc/arm-none-eabi/12.3.1/../../../../arm-none-eabi/lib/thumb/v7e-m/nofp\libc.a(libc_a-mlock.o)
                0x080053a0                __malloc_unlock
 .text._svfprintf_r
                0x080053ac     0x1388 D:/STM32CubeCLT_1.17.0/GNU-tools-for-STM32/bin/../lib/gcc/arm-none-eabi/12.3.1/../../../../arm-none-eabi/lib/thumb/v7e-m/nofp\libc.a(libc_a-svfprintf.o)
                0x080053ac                _svfprintf_r
 .text._fclose_r
                0x08006734       0xaa D:/STM32CubeCLT_1.17.0/GNU-tools-for-STM32/bin/../lib/gcc/arm-none-eabi/12.3.1/../../../../arm-none-eabi/lib/thumb/v7e-m/nofp\libc.a(libc_a-fclose.o)
                0x08006734                _fclose_r
 *fill*         0x080067de        0x2 
 .text.__sflush_r
                0x080067e0      0x108 D:/STM32CubeCLT_1.17.0/GNU-tools-for-STM32/bin/../lib/gcc/arm-none-eabi/12.3.1/../../../../arm-none-eabi/lib/thumb/v7e-m/nofp\libc.a(libc_a-fflush.o)
                0x080067e0                __sflush_r
 .text._fflush_r
                0x080068e8       0x4a D:/STM32CubeCLT_1.17.0/GNU-tools-for-STM32/bin/../lib/gcc/arm-none-eabi/12.3.1/../../../../arm-none-eabi/lib/thumb/v7e-m/nofp\libc.a(libc_a-fflush.o)
                0x080068e8                _fflush_r
 .text.strncpy  0x08006932       0x26 D:/STM32CubeCLT_1.17.0/GNU-tools-for-STM32/bin/../lib/gcc/arm-none-eabi/12.3.1/../../../../arm-none-eabi/lib/thumb/v7e-m/nofp\libc.a(libc_a-strncpy.o)
                0x08006932                strncpy
 .text._localeconv_r
                0x08006958        0x8 D:/STM32CubeCLT_1.17.0/GNU-tools-for-STM32/bin/../lib/gcc/arm-none-eabi/12.3.1/../../../../arm-none-eabi/lib/thumb/v7e-m/nofp\libc.a(libc_a-localeconv.o)
                0x08006958                _localeconv_r
 .text._sbrk_r  0x08006960       0x20 D:/STM32CubeCLT_1.17.0/GNU-tools-for-STM32/bin/../lib/gcc/arm-none-eabi/12.3.1/../../../../arm-none-eabi/lib/thumb/v7e-m/nofp\libc.a(libc_a-sbrkr.o)
                0x08006960                _sbrk_r
 .text.__libc_fini_array
                0x08006980       0x28 D:/STM32CubeCLT_1.17.0/GNU-tools-for-STM32/bin/../lib/gcc/arm-none-eabi/12.3.1/../../../../arm-none-eabi/lib/thumb/v7e-m/nofp\libc.a(libc_a-fini.o)
                0x08006980                __libc_fini_array
 .text.sysconf  0x080069a8       0x18 D:/STM32CubeCLT_1.17.0/GNU-tools-for-STM32/bin/../lib/gcc/arm-none-eabi/12.3.1/../../../../arm-none-eabi/lib/thumb/v7e-m/nofp\libc.a(libc_a-sysconf.o)
                0x080069a8                sysconf
 .text.frexp    0x080069c0       0x68 D:/STM32CubeCLT_1.17.0/GNU-tools-for-STM32/bin/../lib/gcc/arm-none-eabi/12.3.1/../../../../arm-none-eabi/lib/thumb/v7e-m/nofp\libc.a(libm_a-s_frexp.o)
                0x080069c0                frexp
 .text.__register_exitproc
                0x08006a28       0x80 D:/STM32CubeCLT_1.17.0/GNU-tools-for-STM32/bin/../lib/gcc/arm-none-eabi/12.3.1/../../../../arm-none-eabi/lib/thumb/v7e-m/nofp\libc.a(libc_a-__atexit.o)
                0x08006a28                __register_exitproc
 .text.quorem   0x08006aa8      0x110 D:/STM32CubeCLT_1.17.0/GNU-tools-for-STM32/bin/../lib/gcc/arm-none-eabi/12.3.1/../../../../arm-none-eabi/lib/thumb/v7e-m/nofp\libc.a(libc_a-dtoa.o)
 .text._dtoa_r  0x08006bb8      0xb58 D:/STM32CubeCLT_1.17.0/GNU-tools-for-STM32/bin/../lib/gcc/arm-none-eabi/12.3.1/../../../../arm-none-eabi/lib/thumb/v7e-m/nofp\libc.a(libc_a-dtoa.o)
                0x08006bb8                _dtoa_r
 .text._Balloc  0x08007710       0x4a D:/STM32CubeCLT_1.17.0/GNU-tools-for-STM32/bin/../lib/gcc/arm-none-eabi/12.3.1/../../../../arm-none-eabi/lib/thumb/v7e-m/nofp\libc.a(libc_a-mprec.o)
                0x08007710                _Balloc
 .text._Bfree   0x0800775a       0x12 D:/STM32CubeCLT_1.17.0/GNU-tools-for-STM32/bin/../lib/gcc/arm-none-eabi/12.3.1/../../../../arm-none-eabi/lib/thumb/v7e-m/nofp\libc.a(libc_a-mprec.o)
                0x0800775a                _Bfree
 .text.__multadd
                0x0800776c       0x8c D:/STM32CubeCLT_1.17.0/GNU-tools-for-STM32/bin/../lib/gcc/arm-none-eabi/12.3.1/../../../../arm-none-eabi/lib/thumb/v7e-m/nofp\libc.a(libc_a-mprec.o)
                0x0800776c                __multadd
 .text.__hi0bits
                0x080077f8       0x3e D:/STM32CubeCLT_1.17.0/GNU-tools-for-STM32/bin/../lib/gcc/arm-none-eabi/12.3.1/../../../../arm-none-eabi/lib/thumb/v7e-m/nofp\libc.a(libc_a-mprec.o)
                0x080077f8                __hi0bits
 .text.__lo0bits
                0x08007836       0x5a D:/STM32CubeCLT_1.17.0/GNU-tools-for-STM32/bin/../lib/gcc/arm-none-eabi/12.3.1/../../../../arm-none-eabi/lib/thumb/v7e-m/nofp\libc.a(libc_a-mprec.o)
                0x08007836                __lo0bits
 .text.__i2b    0x08007890       0x2c D:/STM32CubeCLT_1.17.0/GNU-tools-for-STM32/bin/../lib/gcc/arm-none-eabi/12.3.1/../../../../arm-none-eabi/lib/thumb/v7e-m/nofp\libc.a(libc_a-mprec.o)
                0x08007890                __i2b
 .text.__multiply
                0x080078bc      0x154 D:/STM32CubeCLT_1.17.0/GNU-tools-for-STM32/bin/../lib/gcc/arm-none-eabi/12.3.1/../../../../arm-none-eabi/lib/thumb/v7e-m/nofp\libc.a(libc_a-mprec.o)
                0x080078bc                __multiply
 .text.__pow5mult
                0x08007a10       0x80 D:/STM32CubeCLT_1.17.0/GNU-tools-for-STM32/bin/../lib/gcc/arm-none-eabi/12.3.1/../../../../arm-none-eabi/lib/thumb/v7e-m/nofp\libc.a(libc_a-mprec.o)
                0x08007a10                __pow5mult
 .text.__lshift
                0x08007a90       0xd8 D:/STM32CubeCLT_1.17.0/GNU-tools-for-STM32/bin/../lib/gcc/arm-none-eabi/12.3.1/../../../../arm-none-eabi/lib/thumb/v7e-m/nofp\libc.a(libc_a-mprec.o)
                0x08007a90                __lshift
 .text.__mcmp   0x08007b68       0x36 D:/STM32CubeCLT_1.17.0/GNU-tools-for-STM32/bin/../lib/gcc/arm-none-eabi/12.3.1/../../../../arm-none-eabi/lib/thumb/v7e-m/nofp\libc.a(libc_a-mprec.o)
                0x08007b68                __mcmp
 *fill*         0x08007b9e        0x2 
 .text.__mdiff  0x08007ba0      0x124 D:/STM32CubeCLT_1.17.0/GNU-tools-for-STM32/bin/../lib/gcc/arm-none-eabi/12.3.1/../../../../arm-none-eabi/lib/thumb/v7e-m/nofp\libc.a(libc_a-mprec.o)
                0x08007ba0                __mdiff
 .text.__d2b    0x08007cc4       0xb0 D:/STM32CubeCLT_1.17.0/GNU-tools-for-STM32/bin/../lib/gcc/arm-none-eabi/12.3.1/../../../../arm-none-eabi/lib/thumb/v7e-m/nofp\libc.a(libc_a-mprec.o)
                0x08007cc4                __d2b
 .text.__ssprint_r
                0x08007d74       0xfa D:/STM32CubeCLT_1.17.0/GNU-tools-for-STM32/bin/../lib/gcc/arm-none-eabi/12.3.1/../../../../arm-none-eabi/lib/thumb/v7e-m/nofp\libc.a(libc_a-svfiprintf.o)
                0x08007d74                __ssprint_r
 .text.memmove  0x08007e6e       0x34 D:/STM32CubeCLT_1.17.0/GNU-tools-for-STM32/bin/../lib/gcc/arm-none-eabi/12.3.1/../../../../arm-none-eabi/lib/thumb/v7e-m/nofp\libc.a(libc_a-memmove.o)
                0x08007e6e                memmove
 *fill*         0x08007ea2        0x2 
 .text.__locale_mb_cur_max
                0x08007ea4        0xc D:/STM32CubeCLT_1.17.0/GNU-tools-for-STM32/bin/../lib/gcc/arm-none-eabi/12.3.1/../../../../arm-none-eabi/lib/thumb/v7e-m/nofp\libc.a(libc_a-locale.o)
                0x08007ea4                __locale_mb_cur_max
 .text.__assert_func
                0x08007eb0       0x3c D:/STM32CubeCLT_1.17.0/GNU-tools-for-STM32/bin/../lib/gcc/arm-none-eabi/12.3.1/../../../../arm-none-eabi/lib/thumb/v7e-m/nofp\libc.a(libc_a-assert.o)
                0x08007eb0                __assert_func
 .text._calloc_r
                0x08007eec       0x6a D:/STM32CubeCLT_1.17.0/GNU-tools-for-STM32/bin/../lib/gcc/arm-none-eabi/12.3.1/../../../../arm-none-eabi/lib/thumb/v7e-m/nofp\libc.a(libc_a-callocr.o)
                0x08007eec                _calloc_r
 .text.__ascii_mbtowc
                0x08007f56       0x24 D:/STM32CubeCLT_1.17.0/GNU-tools-for-STM32/bin/../lib/gcc/arm-none-eabi/12.3.1/../../../../arm-none-eabi/lib/thumb/v7e-m/nofp\libc.a(libc_a-mbtowc_r.o)
                0x08007f56                __ascii_mbtowc
 *fill*         0x08007f7a        0x2 
 .text._realloc_r
                0x08007f7c      0x350 D:/STM32CubeCLT_1.17.0/GNU-tools-for-STM32/bin/../lib/gcc/arm-none-eabi/12.3.1/../../../../arm-none-eabi/lib/thumb/v7e-m/nofp\libc.a(libc_a-reallocr.o)
                0x08007f7c                _realloc_r
 .text.__ascii_wctomb
                0x080082cc       0x1a D:/STM32CubeCLT_1.17.0/GNU-tools-for-STM32/bin/../lib/gcc/arm-none-eabi/12.3.1/../../../../arm-none-eabi/lib/thumb/v7e-m/nofp\libc.a(libc_a-wctomb_r.o)
                0x080082cc                __ascii_wctomb
 *fill*         0x080082e6        0x2 
 .text.fiprintf
                0x080082e8       0x24 D:/STM32CubeCLT_1.17.0/GNU-tools-for-STM32/bin/../lib/gcc/arm-none-eabi/12.3.1/../../../../arm-none-eabi/lib/thumb/v7e-m/nofp\libc.a(libc_a-fiprintf.o)
                0x080082e8                fiprintf
 .text.__sprint_r
                0x0800830c       0x64 D:/STM32CubeCLT_1.17.0/GNU-tools-for-STM32/bin/../lib/gcc/arm-none-eabi/12.3.1/../../../../arm-none-eabi/lib/thumb/v7e-m/nofp\libc.a(libc_a-vfiprintf.o)
                0x0800830c                __sprint_r
 .text._vfiprintf_r
                0x08008370      0x918 D:/STM32CubeCLT_1.17.0/GNU-tools-for-STM32/bin/../lib/gcc/arm-none-eabi/12.3.1/../../../../arm-none-eabi/lib/thumb/v7e-m/nofp\libc.a(libc_a-vfiprintf.o)
                0x08008370                _vfiprintf_r
 .text.__sbprintf
                0x08008c88       0x80 D:/STM32CubeCLT_1.17.0/GNU-tools-for-STM32/bin/../lib/gcc/arm-none-eabi/12.3.1/../../../../arm-none-eabi/lib/thumb/v7e-m/nofp\libc.a(libc_a-vfiprintf.o)
 .text.__sfvwrite_r
                0x08008d08      0x298 D:/STM32CubeCLT_1.17.0/GNU-tools-for-STM32/bin/../lib/gcc/arm-none-eabi/12.3.1/../../../../arm-none-eabi/lib/thumb/v7e-m/nofp\libc.a(libc_a-fvwrite.o)
                0x08008d08                __sfvwrite_r
 .text.__swsetup_r
                0x08008fa0       0xac D:/STM32CubeCLT_1.17.0/GNU-tools-for-STM32/bin/../lib/gcc/arm-none-eabi/12.3.1/../../../../arm-none-eabi/lib/thumb/v7e-m/nofp\libc.a(libc_a-wsetup.o)
                0x08008fa0                __swsetup_r
 .text.__fputwc
                0x0800904c       0x82 D:/STM32CubeCLT_1.17.0/GNU-tools-for-STM32/bin/../lib/gcc/arm-none-eabi/12.3.1/../../../../arm-none-eabi/lib/thumb/v7e-m/nofp\libc.a(libc_a-fputwc.o)
                0x0800904c                __fputwc
 .text._fputwc_r
                0x080090ce       0x52 D:/STM32CubeCLT_1.17.0/GNU-tools-for-STM32/bin/../lib/gcc/arm-none-eabi/12.3.1/../../../../arm-none-eabi/lib/thumb/v7e-m/nofp\libc.a(libc_a-fputwc.o)
                0x080090ce                _fputwc_r
 .text.abort    0x08009120        0xe D:/STM32CubeCLT_1.17.0/GNU-tools-for-STM32/bin/../lib/gcc/arm-none-eabi/12.3.1/../../../../arm-none-eabi/lib/thumb/v7e-m/nofp\libc.a(libc_a-abort.o)
                0x08009120                abort
 *fill*         0x0800912e        0x2 
 .text._wcrtomb_r
                0x08009130       0x2c D:/STM32CubeCLT_1.17.0/GNU-tools-for-STM32/bin/../lib/gcc/arm-none-eabi/12.3.1/../../../../arm-none-eabi/lib/thumb/v7e-m/nofp\libc.a(libc_a-wcrtomb.o)
                0x08009130                _wcrtomb_r
 .text.__swhatbuf_r
                0x0800915c       0x50 D:/STM32CubeCLT_1.17.0/GNU-tools-for-STM32/bin/../lib/gcc/arm-none-eabi/12.3.1/../../../../arm-none-eabi/lib/thumb/v7e-m/nofp\libc.a(libc_a-makebuf.o)
                0x0800915c                __swhatbuf_r
 .text.__smakebuf_r
                0x080091ac       0x78 D:/STM32CubeCLT_1.17.0/GNU-tools-for-STM32/bin/../lib/gcc/arm-none-eabi/12.3.1/../../../../arm-none-eabi/lib/thumb/v7e-m/nofp\libc.a(libc_a-makebuf.o)
                0x080091ac                __smakebuf_r
 .text.__swbuf_r
                0x08009224       0x92 D:/STM32CubeCLT_1.17.0/GNU-tools-for-STM32/bin/../lib/gcc/arm-none-eabi/12.3.1/../../../../arm-none-eabi/lib/thumb/v7e-m/nofp\libc.a(libc_a-wbuf.o)
                0x08009224                __swbuf_r
 .text._raise_r
                0x080092b6       0x52 D:/STM32CubeCLT_1.17.0/GNU-tools-for-STM32/bin/../lib/gcc/arm-none-eabi/12.3.1/../../../../arm-none-eabi/lib/thumb/v7e-m/nofp\libc.a(libc_a-signal.o)
                0x080092b6                _raise_r
 .text.raise    0x08009308       0x10 D:/STM32CubeCLT_1.17.0/GNU-tools-for-STM32/bin/../lib/gcc/arm-none-eabi/12.3.1/../../../../arm-none-eabi/lib/thumb/v7e-m/nofp\libc.a(libc_a-signal.o)
                0x08009308                raise
 .text._fstat_r
                0x08009318       0x24 D:/STM32CubeCLT_1.17.0/GNU-tools-for-STM32/bin/../lib/gcc/arm-none-eabi/12.3.1/../../../../arm-none-eabi/lib/thumb/v7e-m/nofp\libc.a(libc_a-fstatr.o)
                0x08009318                _fstat_r
 .text._isatty_r
                0x0800933c       0x20 D:/STM32CubeCLT_1.17.0/GNU-tools-for-STM32/bin/../lib/gcc/arm-none-eabi/12.3.1/../../../../arm-none-eabi/lib/thumb/v7e-m/nofp\libc.a(libc_a-isattyr.o)
                0x0800933c                _isatty_r
 .text._kill_r  0x0800935c       0x24 D:/STM32CubeCLT_1.17.0/GNU-tools-for-STM32/bin/../lib/gcc/arm-none-eabi/12.3.1/../../../../arm-none-eabi/lib/thumb/v7e-m/nofp\libc.a(libc_a-signalr.o)
                0x0800935c                _kill_r
 .text._getpid_r
                0x08009380        0x4 D:/STM32CubeCLT_1.17.0/GNU-tools-for-STM32/bin/../lib/gcc/arm-none-eabi/12.3.1/../../../../arm-none-eabi/lib/thumb/v7e-m/nofp\libc.a(libc_a-signalr.o)
                0x08009380                _getpid_r
 *(.glue_7)
 .glue_7        0x08009384        0x0 linker stubs
 *(.glue_7t)
 .glue_7t       0x08009384        0x0 linker stubs
 *(.eh_frame)
 .eh_frame      0x08009384        0x0 D:/STM32CubeCLT_1.17.0/GNU-tools-for-STM32/bin/../lib/gcc/arm-none-eabi/12.3.1/thumb/v7e-m/nofp/crtbegin.o
 *(.init)
 .init          0x08009384        0x4 D:/STM32CubeCLT_1.17.0/GNU-tools-for-STM32/bin/../lib/gcc/arm-none-eabi/12.3.1/thumb/v7e-m/nofp/crti.o
                0x08009384                _init
 .init          0x08009388        0x8 D:/STM32CubeCLT_1.17.0/GNU-tools-for-STM32/bin/../lib/gcc/arm-none-eabi/12.3.1/thumb/v7e-m/nofp/crtn.o
 *(.fini)
 .fini          0x08009390        0x4 D:/STM32CubeCLT_1.17.0/GNU-tools-for-STM32/bin/../lib/gcc/arm-none-eabi/12.3.1/thumb/v7e-m/nofp/crti.o
                0x08009390                _fini
 .fini          0x08009394        0x8 D:/STM32CubeCLT_1.17.0/GNU-tools-for-STM32/bin/../lib/gcc/arm-none-eabi/12.3.1/thumb/v7e-m/nofp/crtn.o
                0x0800939c                        . = ALIGN (0x4)
                0x0800939c                        _etext = .

.vfp11_veneer   0x0800939c        0x0
 .vfp11_veneer  0x0800939c        0x0 linker stubs

.v4_bx          0x0800939c        0x0
 .v4_bx         0x0800939c        0x0 linker stubs

.iplt           0x0800939c        0x0
 .iplt          0x0800939c        0x0 D:/STM32CubeCLT_1.17.0/GNU-tools-for-STM32/bin/../lib/gcc/arm-none-eabi/12.3.1/thumb/v7e-m/nofp/crtbegin.o

.rodata         0x080093a0     0x1ed8
                0x080093a0                        . = ALIGN (0x4)
 *(.rodata)
 *(.rodata*)
 .rodata.HAL_UARTEx_RxEventCallback.str1.4
                0x080093a0       0x18 CMakeFiles/F4_Clion.elf.dir/Core/Src/main.c.obj
 .rodata.HAL_TIM_PeriodElapsedCallback.str1.4
                0x080093b8       0x26 CMakeFiles/F4_Clion.elf.dir/Core/Src/main.c.obj
 *fill*         0x080093de        0x2 
 .rodata.main.str1.4
                0x080093e0       0x18 CMakeFiles/F4_Clion.elf.dir/Core/Src/main.c.obj
 .rodata.APBPrescTable
                0x080093f8        0x8 CMakeFiles/F4_Clion.elf.dir/Core/Src/system_stm32f4xx.c.obj
                0x080093f8                APBPrescTable
 .rodata.AHBPrescTable
                0x08009400       0x10 CMakeFiles/F4_Clion.elf.dir/Core/Src/system_stm32f4xx.c.obj
                0x08009400                AHBPrescTable
 .rodata.flagBitshiftOffset.0
                0x08009410        0x8 CMakeFiles/F4_Clion.elf.dir/Drivers/STM32F4xx_HAL_Driver/Src/stm32f4xx_hal_dma.c.obj
 .rodata.Font_Custom
                0x08009418        0x8 CMakeFiles/F4_Clion.elf.dir/Lib/fonts.c.obj
                0x08009418                Font_Custom
 .rodata.Font_11x18
                0x08009420        0x8 CMakeFiles/F4_Clion.elf.dir/Lib/fonts.c.obj
                0x08009420                Font_11x18
 .rodata.Font_custom
                0x08009428        0x4 CMakeFiles/F4_Clion.elf.dir/Lib/fonts.c.obj
 .rodata.Font11x18
                0x0800942c     0x1ab8 CMakeFiles/F4_Clion.elf.dir/Lib/fonts.c.obj
 .rodata.ST7735_DrawFloat.str1.4
                0x0800aee4        0x7 CMakeFiles/F4_Clion.elf.dir/Lib/st7735.c.obj
 .rodata._svfprintf_r.str1.1
                0x0800aeeb       0x34 D:/STM32CubeCLT_1.17.0/GNU-tools-for-STM32/bin/../lib/gcc/arm-none-eabi/12.3.1/../../../../arm-none-eabi/lib/thumb/v7e-m/nofp\libc.a(libc_a-svfprintf.o)
 .rodata.zeroes.0
                0x0800af1f       0x10 D:/STM32CubeCLT_1.17.0/GNU-tools-for-STM32/bin/../lib/gcc/arm-none-eabi/12.3.1/../../../../arm-none-eabi/lib/thumb/v7e-m/nofp\libc.a(libc_a-svfprintf.o)
 .rodata.blanks.1
                0x0800af2f       0x10 D:/STM32CubeCLT_1.17.0/GNU-tools-for-STM32/bin/../lib/gcc/arm-none-eabi/12.3.1/../../../../arm-none-eabi/lib/thumb/v7e-m/nofp\libc.a(libc_a-svfprintf.o)
 .rodata._dtoa_r.str1.1
                0x0800af3f       0x76 D:/STM32CubeCLT_1.17.0/GNU-tools-for-STM32/bin/../lib/gcc/arm-none-eabi/12.3.1/../../../../arm-none-eabi/lib/thumb/v7e-m/nofp\libc.a(libc_a-dtoa.o)
                                 0x78 (size before relaxing)
 .rodata.__multadd.str1.1
                0x0800afb5       0x59 D:/STM32CubeCLT_1.17.0/GNU-tools-for-STM32/bin/../lib/gcc/arm-none-eabi/12.3.1/../../../../arm-none-eabi/lib/thumb/v7e-m/nofp\libc.a(libc_a-mprec.o)
                                 0x6a (size before relaxing)
 *fill*         0x0800b00e        0x2 
 .rodata.p05.0  0x0800b010        0xc D:/STM32CubeCLT_1.17.0/GNU-tools-for-STM32/bin/../lib/gcc/arm-none-eabi/12.3.1/../../../../arm-none-eabi/lib/thumb/v7e-m/nofp\libc.a(libc_a-mprec.o)
 *fill*         0x0800b01c        0x4 
 .rodata.__mprec_bigtens
                0x0800b020       0x28 D:/STM32CubeCLT_1.17.0/GNU-tools-for-STM32/bin/../lib/gcc/arm-none-eabi/12.3.1/../../../../arm-none-eabi/lib/thumb/v7e-m/nofp\libc.a(libc_a-mprec.o)
                0x0800b020                __mprec_bigtens
 .rodata.__mprec_tens
                0x0800b048       0xc8 D:/STM32CubeCLT_1.17.0/GNU-tools-for-STM32/bin/../lib/gcc/arm-none-eabi/12.3.1/../../../../arm-none-eabi/lib/thumb/v7e-m/nofp\libc.a(libc_a-mprec.o)
                0x0800b048                __mprec_tens
 .rodata._setlocale_r.str1.1
                0x0800b110        0x8 D:/STM32CubeCLT_1.17.0/GNU-tools-for-STM32/bin/../lib/gcc/arm-none-eabi/12.3.1/../../../../arm-none-eabi/lib/thumb/v7e-m/nofp\libc.a(libc_a-locale.o)
                                  0x9 (size before relaxing)
 .rodata.str1.1
                0x0800b118        0x2 D:/STM32CubeCLT_1.17.0/GNU-tools-for-STM32/bin/../lib/gcc/arm-none-eabi/12.3.1/../../../../arm-none-eabi/lib/thumb/v7e-m/nofp\libc.a(libc_a-locale.o)
 .rodata.__assert_func.str1.1
                0x0800b11a       0x3c D:/STM32CubeCLT_1.17.0/GNU-tools-for-STM32/bin/../lib/gcc/arm-none-eabi/12.3.1/../../../../arm-none-eabi/lib/thumb/v7e-m/nofp\libc.a(libc_a-assert.o)
                                 0x3d (size before relaxing)
 .rodata._ctype_
                0x0800b156      0x101 D:/STM32CubeCLT_1.17.0/GNU-tools-for-STM32/bin/../lib/gcc/arm-none-eabi/12.3.1/../../../../arm-none-eabi/lib/thumb/v7e-m/nofp\libc.a(libc_a-ctype_.o)
                0x0800b156                _ctype_
 .rodata._vfiprintf_r.str1.1
                0x0800b257       0x22 D:/STM32CubeCLT_1.17.0/GNU-tools-for-STM32/bin/../lib/gcc/arm-none-eabi/12.3.1/../../../../arm-none-eabi/lib/thumb/v7e-m/nofp\libc.a(libc_a-vfiprintf.o)
 .rodata.zeroes.0
                0x0800b257       0x10 D:/STM32CubeCLT_1.17.0/GNU-tools-for-STM32/bin/../lib/gcc/arm-none-eabi/12.3.1/../../../../arm-none-eabi/lib/thumb/v7e-m/nofp\libc.a(libc_a-vfiprintf.o)
 .rodata.blanks.1
                0x0800b267       0x10 D:/STM32CubeCLT_1.17.0/GNU-tools-for-STM32/bin/../lib/gcc/arm-none-eabi/12.3.1/../../../../arm-none-eabi/lib/thumb/v7e-m/nofp\libc.a(libc_a-vfiprintf.o)
                0x0800b27c                        . = ALIGN (0x4)
 *fill*         0x0800b277        0x1 

.ARM.extab      0x0800b278        0x0
                0x0800b278                        . = ALIGN (0x4)
 *(.ARM.extab* .gnu.linkonce.armextab.*)
                0x0800b278                        . = ALIGN (0x4)

.ARM            0x0800b278        0x8
                0x0800b278                        . = ALIGN (0x4)
                0x0800b278                        __exidx_start = .
 *(.ARM.exidx*)
 .ARM.exidx     0x0800b278        0x8 D:/STM32CubeCLT_1.17.0/GNU-tools-for-STM32/bin/../lib/gcc/arm-none-eabi/12.3.1/thumb/v7e-m/nofp\libgcc.a(_udivmoddi4.o)
 .ARM.exidx     0x0800b280        0x0 D:/STM32CubeCLT_1.17.0/GNU-tools-for-STM32/bin/../lib/gcc/arm-none-eabi/12.3.1/../../../../arm-none-eabi/lib/thumb/v7e-m/nofp\libc.a(libc_a-strlen.o)
                                  0x8 (size before relaxing)
 .ARM.exidx     0x0800b280        0x0 D:/STM32CubeCLT_1.17.0/GNU-tools-for-STM32/bin/../lib/gcc/arm-none-eabi/12.3.1/../../../../arm-none-eabi/lib/thumb/v7e-m/nofp\libc.a(libc_a-memchr.o)
                                  0x8 (size before relaxing)
                0x0800b280                        __exidx_end = .
                0x0800b280                        . = ALIGN (0x4)

.preinit_array  0x0800b280        0x0
                0x0800b280                        . = ALIGN (0x4)
                0x0800b280                        PROVIDE (__preinit_array_start = .)
 *(.preinit_array*)
                0x0800b280                        PROVIDE (__preinit_array_end = .)
                0x0800b280                        . = ALIGN (0x4)

.init_array     0x0800b280        0x8
                0x0800b280                        . = ALIGN (0x4)
                0x0800b280                        PROVIDE (__init_array_start = .)
 *(SORT_BY_NAME(.init_array.*))
 .init_array.00000
                0x0800b280        0x4 D:/STM32CubeCLT_1.17.0/GNU-tools-for-STM32/bin/../lib/gcc/arm-none-eabi/12.3.1/../../../../arm-none-eabi/lib/thumb/v7e-m/nofp\libc.a(libc_a-__call_atexit.o)
 *(.init_array*)
 .init_array    0x0800b284        0x4 D:/STM32CubeCLT_1.17.0/GNU-tools-for-STM32/bin/../lib/gcc/arm-none-eabi/12.3.1/thumb/v7e-m/nofp/crtbegin.o
                0x0800b288                        PROVIDE (__init_array_end = .)
                0x0800b288                        . = ALIGN (0x4)

.fini_array     0x0800b288        0x4
                0x0800b288                        . = ALIGN (0x4)
                0x0800b288                        PROVIDE (__fini_array_start = .)
 *(SORT_BY_NAME(.fini_array.*))
 *(.fini_array*)
 .fini_array    0x0800b288        0x4 D:/STM32CubeCLT_1.17.0/GNU-tools-for-STM32/bin/../lib/gcc/arm-none-eabi/12.3.1/thumb/v7e-m/nofp/crtbegin.o
                0x0800b28c                        PROVIDE (__fini_array_end = .)
                0x0800b28c                        . = ALIGN (0x4)
                0x0800b28c                        _sidata = LOADADDR (.data)

.rel.dyn        0x0800b28c        0x0
 .rel.iplt      0x0800b28c        0x0 D:/STM32CubeCLT_1.17.0/GNU-tools-for-STM32/bin/../lib/gcc/arm-none-eabi/12.3.1/thumb/v7e-m/nofp/crtbegin.o

.data           0x20000000      0x6c0 load address 0x0800b28c
                0x20000000                        . = ALIGN (0x4)
                0x20000000                        _sdata = .
 *(.data)
 *(.data*)
 .data.SystemCoreClock
                0x20000000        0x4 CMakeFiles/F4_Clion.elf.dir/Core/Src/system_stm32f4xx.c.obj
                0x20000000                SystemCoreClock
 .data.uwTickFreq
                0x20000004        0x1 CMakeFiles/F4_Clion.elf.dir/Drivers/STM32F4xx_HAL_Driver/Src/stm32f4xx_hal.c.obj
                0x20000004                uwTickFreq
 *fill*         0x20000005        0x3 
 .data.uwTickPrio
                0x20000008        0x4 CMakeFiles/F4_Clion.elf.dir/Drivers/STM32F4xx_HAL_Driver/Src/stm32f4xx_hal.c.obj
                0x20000008                uwTickPrio
 .data.__sglue  0x2000000c        0xc D:/STM32CubeCLT_1.17.0/GNU-tools-for-STM32/bin/../lib/gcc/arm-none-eabi/12.3.1/../../../../arm-none-eabi/lib/thumb/v7e-m/nofp\libc.a(libc_a-findfp.o)
                0x2000000c                __sglue
 .data._impure_ptr
                0x20000018        0x4 D:/STM32CubeCLT_1.17.0/GNU-tools-for-STM32/bin/../lib/gcc/arm-none-eabi/12.3.1/../../../../arm-none-eabi/lib/thumb/v7e-m/nofp\libc.a(libc_a-impure.o)
                0x20000018                _impure_ptr
 *fill*         0x2000001c        0x4 
 .data._impure_data
                0x20000020      0x120 D:/STM32CubeCLT_1.17.0/GNU-tools-for-STM32/bin/../lib/gcc/arm-none-eabi/12.3.1/../../../../arm-none-eabi/lib/thumb/v7e-m/nofp\libc.a(libc_a-impure.o)
                0x20000020                _impure_data
 .data.__atexit_recursive_mutex
                0x20000140        0x4 D:/STM32CubeCLT_1.17.0/GNU-tools-for-STM32/bin/../lib/gcc/arm-none-eabi/12.3.1/../../../../arm-none-eabi/lib/thumb/v7e-m/nofp\libc.a(libc_a-__call_atexit.o)
                0x20000140                __atexit_recursive_mutex
 .data.__malloc_sbrk_base
                0x20000144        0x4 D:/STM32CubeCLT_1.17.0/GNU-tools-for-STM32/bin/../lib/gcc/arm-none-eabi/12.3.1/../../../../arm-none-eabi/lib/thumb/v7e-m/nofp\libc.a(libc_a-mallocr.o)
                0x20000144                __malloc_sbrk_base
 .data.__malloc_trim_threshold
                0x20000148        0x4 D:/STM32CubeCLT_1.17.0/GNU-tools-for-STM32/bin/../lib/gcc/arm-none-eabi/12.3.1/../../../../arm-none-eabi/lib/thumb/v7e-m/nofp\libc.a(libc_a-mallocr.o)
                0x20000148                __malloc_trim_threshold
 .data.__malloc_av_
                0x2000014c      0x408 D:/STM32CubeCLT_1.17.0/GNU-tools-for-STM32/bin/../lib/gcc/arm-none-eabi/12.3.1/../../../../arm-none-eabi/lib/thumb/v7e-m/nofp\libc.a(libc_a-mallocr.o)
                0x2000014c                __malloc_av_
 .data.__global_locale
                0x20000554      0x16c D:/STM32CubeCLT_1.17.0/GNU-tools-for-STM32/bin/../lib/gcc/arm-none-eabi/12.3.1/../../../../arm-none-eabi/lib/thumb/v7e-m/nofp\libc.a(libc_a-locale.o)
                0x20000554                __global_locale
 *(.RamFunc)
 *(.RamFunc*)
                0x200006c0                        . = ALIGN (0x4)
                0x200006c0                        _edata = .
                0x0800b94c                        _siccmram = LOADADDR (.ccmram)

.igot.plt       0x200006c0        0x0 load address 0x0800b94c
 .igot.plt      0x200006c0        0x0 D:/STM32CubeCLT_1.17.0/GNU-tools-for-STM32/bin/../lib/gcc/arm-none-eabi/12.3.1/thumb/v7e-m/nofp/crtbegin.o

.ccmram         0x10000000        0x0 load address 0x0800b94c
                0x10000000                        . = ALIGN (0x4)
                0x10000000                        _sccmram = .
 *(.ccmram)
 *(.ccmram*)
                0x10000000                        . = ALIGN (0x4)
                0x10000000                        _eccmram = .
                0x10000000                        . = ALIGN (0x4)

.bss            0x200006c0      0x790
                0x200006c0                        _sbss = .
                0x200006c0                        __bss_start__ = _sbss
 *(.bss)
 .bss           0x200006c0       0x1c D:/STM32CubeCLT_1.17.0/GNU-tools-for-STM32/bin/../lib/gcc/arm-none-eabi/12.3.1/thumb/v7e-m/nofp/crtbegin.o
 *(.bss*)
 .bss.n3        0x200006dc        0x4 CMakeFiles/F4_Clion.elf.dir/Core/Src/main.c.obj
                0x200006dc                n3
 .bss.n2        0x200006e0        0x4 CMakeFiles/F4_Clion.elf.dir/Core/Src/main.c.obj
                0x200006e0                n2
 .bss.n1        0x200006e4        0x4 CMakeFiles/F4_Clion.elf.dir/Core/Src/main.c.obj
                0x200006e4                n1
 .bss.n0        0x200006e8        0x4 CMakeFiles/F4_Clion.elf.dir/Core/Src/main.c.obj
                0x200006e8                n0
 .bss.IMU_data_ready
                0x200006ec        0x1 CMakeFiles/F4_Clion.elf.dir/Core/Src/main.c.obj
                0x200006ec                IMU_data_ready
 *fill*         0x200006ed        0x3 
 .bss.to_lcd_Buffer
                0x200006f0       0x28 CMakeFiles/F4_Clion.elf.dir/Core/Src/main.c.obj
                0x200006f0                to_lcd_Buffer
 .bss.uart_data
                0x20000718       0x28 CMakeFiles/F4_Clion.elf.dir/Core/Src/main.c.obj
                0x20000718                uart_data
 .bss.IMU_data  0x20000740       0x21 CMakeFiles/F4_Clion.elf.dir/Core/Src/main.c.obj
                0x20000740                IMU_data
 *fill*         0x20000761        0x3 
 .bss.hspi1     0x20000764       0x58 CMakeFiles/F4_Clion.elf.dir/Core/Src/spi.c.obj
                0x20000764                hspi1
 .bss.__sbrk_heap_end
                0x200007bc        0x4 CMakeFiles/F4_Clion.elf.dir/Core/Src/sysmem.c.obj
 .bss.htim9     0x200007c0       0x48 CMakeFiles/F4_Clion.elf.dir/Core/Src/tim.c.obj
                0x200007c0                htim9
 .bss.htim6     0x20000808       0x48 CMakeFiles/F4_Clion.elf.dir/Core/Src/tim.c.obj
                0x20000808                htim6
 .bss.hdma_usart2_rx
                0x20000850       0x60 CMakeFiles/F4_Clion.elf.dir/Core/Src/usart.c.obj
                0x20000850                hdma_usart2_rx
 .bss.hdma_usart1_rx
                0x200008b0       0x60 CMakeFiles/F4_Clion.elf.dir/Core/Src/usart.c.obj
                0x200008b0                hdma_usart1_rx
 .bss.huart2    0x20000910       0x48 CMakeFiles/F4_Clion.elf.dir/Core/Src/usart.c.obj
                0x20000910                huart2
 .bss.huart1    0x20000958       0x48 CMakeFiles/F4_Clion.elf.dir/Core/Src/usart.c.obj
                0x20000958                huart1
 .bss.uwTick    0x200009a0        0x4 CMakeFiles/F4_Clion.elf.dir/Drivers/STM32F4xx_HAL_Driver/Src/stm32f4xx_hal.c.obj
                0x200009a0                uwTick
 .bss.stcAngle  0x200009a4        0x8 CMakeFiles/F4_Clion.elf.dir/Lib/jy901.c.obj
                0x200009a4                stcAngle
 .bss.stcGyro   0x200009ac        0x8 CMakeFiles/F4_Clion.elf.dir/Lib/jy901.c.obj
                0x200009ac                stcGyro
 .bss.stcAcc    0x200009b4        0x8 CMakeFiles/F4_Clion.elf.dir/Lib/jy901.c.obj
                0x200009b4                stcAcc
 .bss.JY901_data
                0x200009bc       0x48 CMakeFiles/F4_Clion.elf.dir/Lib/jy901.c.obj
                0x200009bc                JY901_data
 .bss.buff.0    0x20000a04      0x140 CMakeFiles/F4_Clion.elf.dir/Lib/st7735.c.obj
 .bss.__sf      0x20000b44      0x138 D:/STM32CubeCLT_1.17.0/GNU-tools-for-STM32/bin/../lib/gcc/arm-none-eabi/12.3.1/../../../../arm-none-eabi/lib/thumb/v7e-m/nofp\libc.a(libc_a-findfp.o)
                0x20000b44                __sf
 .bss.__stdio_exit_handler
                0x20000c7c        0x4 D:/STM32CubeCLT_1.17.0/GNU-tools-for-STM32/bin/../lib/gcc/arm-none-eabi/12.3.1/../../../../arm-none-eabi/lib/thumb/v7e-m/nofp\libc.a(libc_a-findfp.o)
                0x20000c7c                __stdio_exit_handler
 .bss.errno     0x20000c80        0x4 D:/STM32CubeCLT_1.17.0/GNU-tools-for-STM32/bin/../lib/gcc/arm-none-eabi/12.3.1/../../../../arm-none-eabi/lib/thumb/v7e-m/nofp\libc.a(libc_a-reent.o)
                0x20000c80                errno
 .bss.__lock___malloc_recursive_mutex
                0x20000c84        0x1 D:/STM32CubeCLT_1.17.0/GNU-tools-for-STM32/bin/../lib/gcc/arm-none-eabi/12.3.1/../../../../arm-none-eabi/lib/thumb/v7e-m/nofp\libc.a(libc_a-lock.o)
                0x20000c84                __lock___malloc_recursive_mutex
 .bss.__lock___atexit_recursive_mutex
                0x20000c85        0x1 D:/STM32CubeCLT_1.17.0/GNU-tools-for-STM32/bin/../lib/gcc/arm-none-eabi/12.3.1/../../../../arm-none-eabi/lib/thumb/v7e-m/nofp\libc.a(libc_a-lock.o)
                0x20000c85                __lock___atexit_recursive_mutex
 .bss.__lock___sfp_recursive_mutex
                0x20000c86        0x1 D:/STM32CubeCLT_1.17.0/GNU-tools-for-STM32/bin/../lib/gcc/arm-none-eabi/12.3.1/../../../../arm-none-eabi/lib/thumb/v7e-m/nofp\libc.a(libc_a-lock.o)
                0x20000c86                __lock___sfp_recursive_mutex
 *fill*         0x20000c87        0x1 
 .bss.__atexit  0x20000c88        0x4 D:/STM32CubeCLT_1.17.0/GNU-tools-for-STM32/bin/../lib/gcc/arm-none-eabi/12.3.1/../../../../arm-none-eabi/lib/thumb/v7e-m/nofp\libc.a(libc_a-__call_atexit.o)
                0x20000c88                __atexit
 .bss.__malloc_current_mallinfo
                0x20000c8c       0x28 D:/STM32CubeCLT_1.17.0/GNU-tools-for-STM32/bin/../lib/gcc/arm-none-eabi/12.3.1/../../../../arm-none-eabi/lib/thumb/v7e-m/nofp\libc.a(libc_a-mallocr.o)
                0x20000c8c                __malloc_current_mallinfo
 .bss.__malloc_max_total_mem
                0x20000cb4        0x4 D:/STM32CubeCLT_1.17.0/GNU-tools-for-STM32/bin/../lib/gcc/arm-none-eabi/12.3.1/../../../../arm-none-eabi/lib/thumb/v7e-m/nofp\libc.a(libc_a-mallocr.o)
                0x20000cb4                __malloc_max_total_mem
 .bss.__malloc_max_sbrked_mem
                0x20000cb8        0x4 D:/STM32CubeCLT_1.17.0/GNU-tools-for-STM32/bin/../lib/gcc/arm-none-eabi/12.3.1/../../../../arm-none-eabi/lib/thumb/v7e-m/nofp\libc.a(libc_a-mallocr.o)
                0x20000cb8                __malloc_max_sbrked_mem
 .bss.__malloc_top_pad
                0x20000cbc        0x4 D:/STM32CubeCLT_1.17.0/GNU-tools-for-STM32/bin/../lib/gcc/arm-none-eabi/12.3.1/../../../../arm-none-eabi/lib/thumb/v7e-m/nofp\libc.a(libc_a-mallocr.o)
                0x20000cbc                __malloc_top_pad
 .bss.__atexit0
                0x20000cc0      0x190 D:/STM32CubeCLT_1.17.0/GNU-tools-for-STM32/bin/../lib/gcc/arm-none-eabi/12.3.1/../../../../arm-none-eabi/lib/thumb/v7e-m/nofp\libc.a(libc_a-__atexit.o)
                0x20000cc0                __atexit0
 *(COMMON)
                0x20000e50                        . = ALIGN (0x4)
                0x20000e50                        _ebss = .
                0x20000e50                        __bss_end__ = _ebss

._user_heap_stack
                0x20000e50      0x600
                0x20000e50                        . = ALIGN (0x8)
                [!provide]                        PROVIDE (end = .)
                0x20000e50                        PROVIDE (_end = .)
                0x20001050                        . = (. + _Min_Heap_Size)
 *fill*         0x20000e50      0x200 
                0x20001450                        . = (. + _Min_Stack_Size)
 *fill*         0x20001050      0x400 
                0x20001450                        . = ALIGN (0x8)

/DISCARD/
 libc.a(*)
 libm.a(*)
 libgcc.a(*)

.ARM.attributes
                0x00000000       0x2a
 *(.ARM.attributes)
 .ARM.attributes
                0x00000000       0x1e D:/STM32CubeCLT_1.17.0/GNU-tools-for-STM32/bin/../lib/gcc/arm-none-eabi/12.3.1/thumb/v7e-m/nofp/crti.o
 .ARM.attributes
                0x0000001e       0x2e D:/STM32CubeCLT_1.17.0/GNU-tools-for-STM32/bin/../lib/gcc/arm-none-eabi/12.3.1/thumb/v7e-m/nofp/crtbegin.o
 .ARM.attributes
                0x0000004c       0x2e CMakeFiles/F4_Clion.elf.dir/Core/Src/dma.c.obj
 .ARM.attributes
                0x0000007a       0x2e CMakeFiles/F4_Clion.elf.dir/Core/Src/gpio.c.obj
 .ARM.attributes
                0x000000a8       0x2e CMakeFiles/F4_Clion.elf.dir/Core/Src/main.c.obj
 .ARM.attributes
                0x000000d6       0x2e CMakeFiles/F4_Clion.elf.dir/Core/Src/spi.c.obj
 .ARM.attributes
                0x00000104       0x2e CMakeFiles/F4_Clion.elf.dir/Core/Src/stm32f4xx_hal_msp.c.obj
 .ARM.attributes
                0x00000132       0x2e CMakeFiles/F4_Clion.elf.dir/Core/Src/stm32f4xx_it.c.obj
 .ARM.attributes
                0x00000160       0x2e CMakeFiles/F4_Clion.elf.dir/Core/Src/syscalls.c.obj
 .ARM.attributes
                0x0000018e       0x2e CMakeFiles/F4_Clion.elf.dir/Core/Src/sysmem.c.obj
 .ARM.attributes
                0x000001bc       0x2e CMakeFiles/F4_Clion.elf.dir/Core/Src/system_stm32f4xx.c.obj
 .ARM.attributes
                0x000001ea       0x2e CMakeFiles/F4_Clion.elf.dir/Core/Src/tim.c.obj
 .ARM.attributes
                0x00000218       0x2e CMakeFiles/F4_Clion.elf.dir/Core/Src/usart.c.obj
 .ARM.attributes
                0x00000246       0x21 CMakeFiles/F4_Clion.elf.dir/Core/Startup/startup_stm32f407vetx.s.obj
 .ARM.attributes
                0x00000267       0x2e CMakeFiles/F4_Clion.elf.dir/Drivers/STM32F4xx_HAL_Driver/Src/stm32f4xx_hal.c.obj
 .ARM.attributes
                0x00000295       0x2e CMakeFiles/F4_Clion.elf.dir/Drivers/STM32F4xx_HAL_Driver/Src/stm32f4xx_hal_cortex.c.obj
 .ARM.attributes
                0x000002c3       0x2e CMakeFiles/F4_Clion.elf.dir/Drivers/STM32F4xx_HAL_Driver/Src/stm32f4xx_hal_dma.c.obj
 .ARM.attributes
                0x000002f1       0x2e CMakeFiles/F4_Clion.elf.dir/Drivers/STM32F4xx_HAL_Driver/Src/stm32f4xx_hal_gpio.c.obj
 .ARM.attributes
                0x0000031f       0x2e CMakeFiles/F4_Clion.elf.dir/Drivers/STM32F4xx_HAL_Driver/Src/stm32f4xx_hal_rcc.c.obj
 .ARM.attributes
                0x0000034d       0x2e CMakeFiles/F4_Clion.elf.dir/Drivers/STM32F4xx_HAL_Driver/Src/stm32f4xx_hal_spi.c.obj
 .ARM.attributes
                0x0000037b       0x2e CMakeFiles/F4_Clion.elf.dir/Drivers/STM32F4xx_HAL_Driver/Src/stm32f4xx_hal_tim.c.obj
 .ARM.attributes
                0x000003a9       0x2e CMakeFiles/F4_Clion.elf.dir/Drivers/STM32F4xx_HAL_Driver/Src/stm32f4xx_hal_tim_ex.c.obj
 .ARM.attributes
                0x000003d7       0x2e CMakeFiles/F4_Clion.elf.dir/Drivers/STM32F4xx_HAL_Driver/Src/stm32f4xx_hal_uart.c.obj
 .ARM.attributes
                0x00000405       0x2e CMakeFiles/F4_Clion.elf.dir/Lib/fonts.c.obj
 .ARM.attributes
                0x00000433       0x2e CMakeFiles/F4_Clion.elf.dir/Lib/jy901.c.obj
 .ARM.attributes
                0x00000461       0x2e CMakeFiles/F4_Clion.elf.dir/Lib/st7735.c.obj
 .ARM.attributes
                0x0000048f       0x1e D:/STM32CubeCLT_1.17.0/GNU-tools-for-STM32/bin/../lib/gcc/arm-none-eabi/12.3.1/thumb/v7e-m/nofp\libgcc.a(_arm_mulsf3.o)
 .ARM.attributes
                0x000004ad       0x1e D:/STM32CubeCLT_1.17.0/GNU-tools-for-STM32/bin/../lib/gcc/arm-none-eabi/12.3.1/thumb/v7e-m/nofp\libgcc.a(_arm_addsubdf3.o)
 .ARM.attributes
                0x000004cb       0x1e D:/STM32CubeCLT_1.17.0/GNU-tools-for-STM32/bin/../lib/gcc/arm-none-eabi/12.3.1/thumb/v7e-m/nofp\libgcc.a(_arm_addsubsf3.o)
 .ARM.attributes
                0x000004e9       0x1e D:/STM32CubeCLT_1.17.0/GNU-tools-for-STM32/bin/../lib/gcc/arm-none-eabi/12.3.1/thumb/v7e-m/nofp\libgcc.a(_aeabi_uldivmod.o)
 .ARM.attributes
                0x00000507       0x2e D:/STM32CubeCLT_1.17.0/GNU-tools-for-STM32/bin/../lib/gcc/arm-none-eabi/12.3.1/thumb/v7e-m/nofp\libgcc.a(_udivmoddi4.o)
 .ARM.attributes
                0x00000535       0x1e D:/STM32CubeCLT_1.17.0/GNU-tools-for-STM32/bin/../lib/gcc/arm-none-eabi/12.3.1/thumb/v7e-m/nofp\libgcc.a(_dvmd_tls.o)
 .ARM.attributes
                0x00000553       0x2e D:/STM32CubeCLT_1.17.0/GNU-tools-for-STM32/bin/../lib/gcc/arm-none-eabi/12.3.1/../../../../arm-none-eabi/lib/thumb/v7e-m/nofp\libc.a(libc_a-findfp.o)
 .ARM.attributes
                0x00000581       0x2e D:/STM32CubeCLT_1.17.0/GNU-tools-for-STM32/bin/../lib/gcc/arm-none-eabi/12.3.1/../../../../arm-none-eabi/lib/thumb/v7e-m/nofp\libc.a(libc_a-fwalk.o)
 .ARM.attributes
                0x000005af       0x2e D:/STM32CubeCLT_1.17.0/GNU-tools-for-STM32/bin/../lib/gcc/arm-none-eabi/12.3.1/../../../../arm-none-eabi/lib/thumb/v7e-m/nofp\libc.a(libc_a-snprintf.o)
 .ARM.attributes
                0x000005dd       0x2e D:/STM32CubeCLT_1.17.0/GNU-tools-for-STM32/bin/../lib/gcc/arm-none-eabi/12.3.1/../../../../arm-none-eabi/lib/thumb/v7e-m/nofp\libc.a(libc_a-sprintf.o)
 .ARM.attributes
                0x0000060b       0x2e D:/STM32CubeCLT_1.17.0/GNU-tools-for-STM32/bin/../lib/gcc/arm-none-eabi/12.3.1/../../../../arm-none-eabi/lib/thumb/v7e-m/nofp\libc.a(libc_a-stdio.o)
 .ARM.attributes
                0x00000639       0x2e D:/STM32CubeCLT_1.17.0/GNU-tools-for-STM32/bin/../lib/gcc/arm-none-eabi/12.3.1/../../../../arm-none-eabi/lib/thumb/v7e-m/nofp\libc.a(libc_a-memset.o)
 .ARM.attributes
                0x00000667       0x2e D:/STM32CubeCLT_1.17.0/GNU-tools-for-STM32/bin/../lib/gcc/arm-none-eabi/12.3.1/../../../../arm-none-eabi/lib/thumb/v7e-m/nofp\libc.a(libc_a-closer.o)
 .ARM.attributes
                0x00000695       0x2e D:/STM32CubeCLT_1.17.0/GNU-tools-for-STM32/bin/../lib/gcc/arm-none-eabi/12.3.1/../../../../arm-none-eabi/lib/thumb/v7e-m/nofp\libc.a(libc_a-reent.o)
 .ARM.attributes
                0x000006c3       0x2e D:/STM32CubeCLT_1.17.0/GNU-tools-for-STM32/bin/../lib/gcc/arm-none-eabi/12.3.1/../../../../arm-none-eabi/lib/thumb/v7e-m/nofp\libc.a(libc_a-impure.o)
 .ARM.attributes
                0x000006f1       0x2e D:/STM32CubeCLT_1.17.0/GNU-tools-for-STM32/bin/../lib/gcc/arm-none-eabi/12.3.1/../../../../arm-none-eabi/lib/thumb/v7e-m/nofp\libc.a(libc_a-lseekr.o)
 .ARM.attributes
                0x0000071f       0x2e D:/STM32CubeCLT_1.17.0/GNU-tools-for-STM32/bin/../lib/gcc/arm-none-eabi/12.3.1/../../../../arm-none-eabi/lib/thumb/v7e-m/nofp\libc.a(libc_a-readr.o)
 .ARM.attributes
                0x0000074d       0x2e D:/STM32CubeCLT_1.17.0/GNU-tools-for-STM32/bin/../lib/gcc/arm-none-eabi/12.3.1/../../../../arm-none-eabi/lib/thumb/v7e-m/nofp\libc.a(libc_a-writer.o)
 .ARM.attributes
                0x0000077b       0x2e D:/STM32CubeCLT_1.17.0/GNU-tools-for-STM32/bin/../lib/gcc/arm-none-eabi/12.3.1/../../../../arm-none-eabi/lib/thumb/v7e-m/nofp\libc.a(libc_a-errno.o)
 .ARM.attributes
                0x000007a9       0x2e D:/STM32CubeCLT_1.17.0/GNU-tools-for-STM32/bin/../lib/gcc/arm-none-eabi/12.3.1/../../../../arm-none-eabi/lib/thumb/v7e-m/nofp\libc.a(libc_a-init.o)
 .ARM.attributes
                0x000007d7       0x2e D:/STM32CubeCLT_1.17.0/GNU-tools-for-STM32/bin/../lib/gcc/arm-none-eabi/12.3.1/../../../../arm-none-eabi/lib/thumb/v7e-m/nofp\libc.a(libc_a-lock.o)
 .ARM.attributes
                0x00000805       0x2e D:/STM32CubeCLT_1.17.0/GNU-tools-for-STM32/bin/../lib/gcc/arm-none-eabi/12.3.1/../../../../arm-none-eabi/lib/thumb/v7e-m/nofp\libc.a(libc_a-memcpy-stub.o)
 .ARM.attributes
                0x00000833       0x17 D:/STM32CubeCLT_1.17.0/GNU-tools-for-STM32/bin/../lib/gcc/arm-none-eabi/12.3.1/../../../../arm-none-eabi/lib/thumb/v7e-m/nofp\libc.a(libc_a-strlen.o)
 .ARM.attributes
                0x0000084a       0x2e D:/STM32CubeCLT_1.17.0/GNU-tools-for-STM32/bin/../lib/gcc/arm-none-eabi/12.3.1/../../../../arm-none-eabi/lib/thumb/v7e-m/nofp\libc.a(libc_a-__call_atexit.o)
 .ARM.attributes
                0x00000878       0x2e D:/STM32CubeCLT_1.17.0/GNU-tools-for-STM32/bin/../lib/gcc/arm-none-eabi/12.3.1/../../../../arm-none-eabi/lib/thumb/v7e-m/nofp\libc.a(libc_a-atexit.o)
 .ARM.attributes
                0x000008a6       0x2e D:/STM32CubeCLT_1.17.0/GNU-tools-for-STM32/bin/../lib/gcc/arm-none-eabi/12.3.1/../../../../arm-none-eabi/lib/thumb/v7e-m/nofp\libc.a(libc_a-freer.o)
 .ARM.attributes
                0x000008d4       0x2e D:/STM32CubeCLT_1.17.0/GNU-tools-for-STM32/bin/../lib/gcc/arm-none-eabi/12.3.1/../../../../arm-none-eabi/lib/thumb/v7e-m/nofp\libc.a(libc_a-mallocr.o)
 .ARM.attributes
                0x00000902       0x2e D:/STM32CubeCLT_1.17.0/GNU-tools-for-STM32/bin/../lib/gcc/arm-none-eabi/12.3.1/../../../../arm-none-eabi/lib/thumb/v7e-m/nofp\libc.a(libc_a-mlock.o)
 .ARM.attributes
                0x00000930       0x2e D:/STM32CubeCLT_1.17.0/GNU-tools-for-STM32/bin/../lib/gcc/arm-none-eabi/12.3.1/../../../../arm-none-eabi/lib/thumb/v7e-m/nofp\libc.a(libc_a-svfprintf.o)
 .ARM.attributes
                0x0000095e       0x2e D:/STM32CubeCLT_1.17.0/GNU-tools-for-STM32/bin/../lib/gcc/arm-none-eabi/12.3.1/../../../../arm-none-eabi/lib/thumb/v7e-m/nofp\libc.a(libc_a-fclose.o)
 .ARM.attributes
                0x0000098c       0x2e D:/STM32CubeCLT_1.17.0/GNU-tools-for-STM32/bin/../lib/gcc/arm-none-eabi/12.3.1/../../../../arm-none-eabi/lib/thumb/v7e-m/nofp\libc.a(libc_a-fflush.o)
 .ARM.attributes
                0x000009ba       0x2e D:/STM32CubeCLT_1.17.0/GNU-tools-for-STM32/bin/../lib/gcc/arm-none-eabi/12.3.1/../../../../arm-none-eabi/lib/thumb/v7e-m/nofp\libc.a(libc_a-strncpy.o)
 .ARM.attributes
                0x000009e8       0x2e D:/STM32CubeCLT_1.17.0/GNU-tools-for-STM32/bin/../lib/gcc/arm-none-eabi/12.3.1/../../../../arm-none-eabi/lib/thumb/v7e-m/nofp\libc.a(libc_a-localeconv.o)
 .ARM.attributes
                0x00000a16       0x2e D:/STM32CubeCLT_1.17.0/GNU-tools-for-STM32/bin/../lib/gcc/arm-none-eabi/12.3.1/../../../../arm-none-eabi/lib/thumb/v7e-m/nofp\libc.a(libc_a-sbrkr.o)
 .ARM.attributes
                0x00000a44       0x2e D:/STM32CubeCLT_1.17.0/GNU-tools-for-STM32/bin/../lib/gcc/arm-none-eabi/12.3.1/../../../../arm-none-eabi/lib/thumb/v7e-m/nofp\libc.a(libc_a-fini.o)
 .ARM.attributes
                0x00000a72       0x2e D:/STM32CubeCLT_1.17.0/GNU-tools-for-STM32/bin/../lib/gcc/arm-none-eabi/12.3.1/../../../../arm-none-eabi/lib/thumb/v7e-m/nofp\libc.a(libc_a-sysconf.o)
 .ARM.attributes
                0x00000aa0       0x1c D:/STM32CubeCLT_1.17.0/GNU-tools-for-STM32/bin/../lib/gcc/arm-none-eabi/12.3.1/../../../../arm-none-eabi/lib/thumb/v7e-m/nofp\libc.a(libc_a-memchr.o)
 .ARM.attributes
                0x00000abc       0x2e D:/STM32CubeCLT_1.17.0/GNU-tools-for-STM32/bin/../lib/gcc/arm-none-eabi/12.3.1/../../../../arm-none-eabi/lib/thumb/v7e-m/nofp\libc.a(libm_a-s_frexp.o)
 .ARM.attributes
                0x00000aea       0x2e D:/STM32CubeCLT_1.17.0/GNU-tools-for-STM32/bin/../lib/gcc/arm-none-eabi/12.3.1/../../../../arm-none-eabi/lib/thumb/v7e-m/nofp\libc.a(libc_a-__atexit.o)
 .ARM.attributes
                0x00000b18       0x2e D:/STM32CubeCLT_1.17.0/GNU-tools-for-STM32/bin/../lib/gcc/arm-none-eabi/12.3.1/../../../../arm-none-eabi/lib/thumb/v7e-m/nofp\libc.a(libc_a-dtoa.o)
 .ARM.attributes
                0x00000b46       0x2e D:/STM32CubeCLT_1.17.0/GNU-tools-for-STM32/bin/../lib/gcc/arm-none-eabi/12.3.1/../../../../arm-none-eabi/lib/thumb/v7e-m/nofp\libc.a(libc_a-mprec.o)
 .ARM.attributes
                0x00000b74       0x2e D:/STM32CubeCLT_1.17.0/GNU-tools-for-STM32/bin/../lib/gcc/arm-none-eabi/12.3.1/../../../../arm-none-eabi/lib/thumb/v7e-m/nofp\libc.a(libc_a-svfiprintf.o)
 .ARM.attributes
                0x00000ba2       0x2e D:/STM32CubeCLT_1.17.0/GNU-tools-for-STM32/bin/../lib/gcc/arm-none-eabi/12.3.1/../../../../arm-none-eabi/lib/thumb/v7e-m/nofp\libc.a(libc_a-memmove.o)
 .ARM.attributes